Component: ARM Compiler 5.06 update 5 (build 528) Tool: armlink [4d35e2]

==============================================================================

Section Cross References

    hal_spi.o(i.hal_spi_read_write_bytes) refers to hal_spi.o(i.wait_10_us) for wait_10_us
    main.o(i.EXTI9_5_IRQHandler) refers to main.o(.data) for data_ready
    main.o(i.calculate_acc_average) refers to aeabi_sdiv.o(.text) for __aeabi_idivmod
    main.o(i.main) refers to accelerometer.o(i.accelerometer_init) for accelerometer_init
    main.o(i.main) refers to display_acc.o(i.write_acc_to_lcd) for write_acc_to_lcd
    main.o(i.main) refers to accelerometer.o(i.accelerometer_read_acceleration) for accelerometer_read_acceleration
    main.o(i.main) refers to main.o(i.calculate_acc_average) for calculate_acc_average
    main.o(i.main) refers to main.o(.data) for data_ready
    main.o(i.main) refers to main.o(.bss) for acc_buffer
    accelerometer.o(i.accelerometer_init) refers to hal_acc.o(i.hal_acc_init) for hal_acc_init
    accelerometer.o(i.accelerometer_init) refers to accelerometer.o(i.write_reg) for write_reg
    accelerometer.o(i.accelerometer_init) refers to accelerometer.o(.data) for rx_buffer
    accelerometer.o(i.accelerometer_read_acc_id) refers to hal_acc.o(i.hal_acc_spi_read_write) for hal_acc_spi_read_write
    accelerometer.o(i.accelerometer_read_acc_id) refers to accelerometer.o(.data) for tx_buffer
    accelerometer.o(i.accelerometer_read_acceleration) refers to hal_acc.o(i.hal_acc_spi_read_write) for hal_acc_spi_read_write
    accelerometer.o(i.accelerometer_read_acceleration) refers to hal_acc.o(i.hal_acc_spi_read_write_dma) for hal_acc_spi_read_write_dma
    accelerometer.o(i.accelerometer_read_acceleration) refers to aeabi_sdiv.o(.text) for __aeabi_idivmod
    accelerometer.o(i.accelerometer_read_acceleration) refers to accelerometer.o(.data) for tx_buffer
    accelerometer.o(i.write_reg) refers to hal_acc.o(i.hal_acc_spi_read_write) for hal_acc_spi_read_write
    display_acc.o(i.binary_to_bcd_char_array) refers to aeabi_sdiv.o(.text) for __aeabi_uidivmod
    display_acc.o(i.reset_lcd_display_row) refers to hal_ct_lcd.o(i.hal_ct_lcd_write) for hal_ct_lcd_write
    display_acc.o(i.reset_lcd_display_row) refers to hal_ct_lcd.o(i.hal_ct_lcd_clear) for hal_ct_lcd_clear
    display_acc.o(i.write_acc_to_lcd) refers to rt_memcpy.o(.emb_text) for __aeabi_memcpy4
    display_acc.o(i.write_acc_to_lcd) refers to display_acc.o(i.reset_lcd_display_row) for reset_lcd_display_row
    display_acc.o(i.write_acc_to_lcd) refers to display_acc.o(i.write_char_to_lcd) for write_char_to_lcd
    display_acc.o(i.write_acc_to_lcd) refers to display_acc.o(i.binary_to_bcd_char_array) for binary_to_bcd_char_array
    display_acc.o(i.write_char_to_lcd) refers to hal_ct_lcd.o(i.hal_ct_lcd_write) for hal_ct_lcd_write
    hal_acc.o(i.DMA2_Stream0_IRQHandler) refers to hal_spi.o(i.clear_spi_read_write_request) for clear_spi_read_write_request
    hal_acc.o(i.DMA2_Stream0_IRQHandler) refers to hal_acc.o(.data) for transfer_complete
    hal_acc.o(i.hal_acc_init) refers to hal_acc.o(i.init_rcc) for init_rcc
    hal_acc.o(i.hal_acc_init) refers to hal_acc.o(i.init_gpio) for init_gpio
    hal_acc.o(i.hal_acc_init) refers to hal_acc.o(i.init_spi) for init_spi
    hal_acc.o(i.hal_acc_init) refers to hal_acc.o(i.init_dma) for init_dma
    hal_acc.o(i.hal_acc_init) refers to hal_acc.o(i.set_all_led_high) for set_all_led_high
    hal_acc.o(i.hal_acc_spi_read_write) refers to hal_acc.o(i.set_ss_pin_low) for set_ss_pin_low
    hal_acc.o(i.hal_acc_spi_read_write) refers to hal_spi.o(i.hal_spi_read_write_bytes) for hal_spi_read_write_bytes
    hal_acc.o(i.hal_acc_spi_read_write) refers to hal_acc.o(i.set_ss_pin_high) for set_ss_pin_high
    hal_acc.o(i.hal_acc_spi_read_write_dma) refers to hal_acc.o(i.set_ss_pin_low) for set_ss_pin_low
    hal_acc.o(i.hal_acc_spi_read_write_dma) refers to hal_dma.o(i.hal_dma_start) for hal_dma_start
    hal_acc.o(i.hal_acc_spi_read_write_dma) refers to hal_spi.o(i.set_spi_read_write_request) for set_spi_read_write_request
    hal_acc.o(i.hal_acc_spi_read_write_dma) refers to hal_acc.o(i.wait_5_us) for wait_5_us
    hal_acc.o(i.hal_acc_spi_read_write_dma) refers to hal_dma.o(i.hal_dma_stop) for hal_dma_stop
    hal_acc.o(i.hal_acc_spi_read_write_dma) refers to hal_acc.o(i.set_ss_pin_high) for set_ss_pin_high
    hal_acc.o(i.hal_acc_spi_read_write_dma) refers to hal_acc.o(.data) for transfer_complete
    hal_acc.o(i.init_dma) refers to hal_dma.o(i.hal_dma_init_base) for hal_dma_init_base
    hal_acc.o(i.init_gpio) refers to hal_gpio.o(i.hal_gpio_init_input) for hal_gpio_init_input
    hal_acc.o(i.init_gpio) refers to hal_acc.o(i.set_ss_pin_high) for set_ss_pin_high
    hal_acc.o(i.init_spi) refers to hal_spi.o(i.hal_spi_init) for hal_spi_init
    datainit_ctboard.o(.text) refers (Weak) to startup_ctboard.o(STACK) for Stack_Mem
    datainit_ctboard.o(.text) refers to main.o(i.main) for main
    startup_ctboard.o(RESET) refers to startup_ctboard.o(STACK) for __initial_sp
    startup_ctboard.o(RESET) refers to startup_ctboard.o(.text) for Reset_Handler
    startup_ctboard.o(RESET) refers to main.o(i.EXTI9_5_IRQHandler) for EXTI9_5_IRQHandler
    startup_ctboard.o(RESET) refers to hal_acc.o(i.DMA2_Stream0_IRQHandler) for DMA2_Stream0_IRQHandler
    startup_ctboard.o(.text) refers to system_ctboard.o(i.__system) for __system
    startup_ctboard.o(.text) refers to datainit_ctboard.o(.text) for __main
    system_ctboard.o(i.__system) refers to system_ctboard.o(i.system_enter_run) for system_enter_run
    system_ctboard.o(i.init_FMC_SRAM) refers to hal_gpio.o(i.hal_gpio_init_alternate) for hal_gpio_init_alternate
    system_ctboard.o(i.init_FMC_SRAM) refers to rt_memcpy.o(.emb_text) for __aeabi_memcpy4
    system_ctboard.o(i.init_FMC_SRAM) refers to hal_fmc.o(i.hal_fmc_init_sram) for hal_fmc_init_sram
    system_ctboard.o(i.init_SystemClock) refers to hal_rcc.o(i.hal_rcc_reset) for hal_rcc_reset
    system_ctboard.o(i.init_SystemClock) refers to hal_rcc.o(i.hal_rcc_set_osc) for hal_rcc_set_osc
    system_ctboard.o(i.init_SystemClock) refers to hal_rcc.o(i.hal_rcc_setup_pll) for hal_rcc_setup_pll
    system_ctboard.o(i.init_SystemClock) refers to hal_pwr.o(i.hal_pwr_set_overdrive) for hal_pwr_set_overdrive
    system_ctboard.o(i.init_SystemClock) refers to hal_rcc.o(i.hal_rcc_setup_clock) for hal_rcc_setup_clock
    system_ctboard.o(i.system_enter_run) refers to system_ctboard.o(i.init_SystemClock) for init_SystemClock
    system_ctboard.o(i.system_enter_run) refers to system_ctboard.o(i.init_FPU) for init_FPU
    system_ctboard.o(i.system_enter_run) refers to system_ctboard.o(i.init_FMC_SRAM) for init_FMC_SRAM
    system_ctboard.o(i.system_enter_run) refers to system_ctboard.o(i.init_LCD) for init_LCD
    hal_ct_lcd.o(i.hal_ct_lcd_clear) refers to hal_ct_lcd.o(i.hal_ct_lcd_write) for hal_ct_lcd_write
    hal_ct_seg7.o(i.hal_ct_seg7_get_bcd) refers to aeabi_sdiv.o(.text) for __aeabi_uidivmod
    hal_ct_seg7.o(i.hal_ct_seg7_get_seg7) refers to hal_ct_seg7.o(.constdata) for conv_tab
    hal_gpio.o(i.create_pattern_mask) refers to aeabi_sdiv.o(.text) for __aeabi_idivmod
    hal_gpio.o(i.hal_gpio_bit_reset) refers to hal_gpio.o(i.intercept_overwrite_register) for intercept_overwrite_register
    hal_gpio.o(i.hal_gpio_bit_set) refers to hal_gpio.o(i.intercept_overwrite_register) for intercept_overwrite_register
    hal_gpio.o(i.hal_gpio_bit_toggle) refers to hal_gpio.o(i.intercept_overwrite_register) for intercept_overwrite_register
    hal_gpio.o(i.hal_gpio_bit_toggle) refers to hal_gpio.o(i.hal_gpio_output_read) for hal_gpio_output_read
    hal_gpio.o(i.hal_gpio_init_alternate) refers to hal_gpio.o(i.hal_gpio_init_output) for hal_gpio_init_output
    hal_gpio.o(i.hal_gpio_init_alternate) refers to hal_gpio.o(i.create_pattern_mask) for create_pattern_mask
    hal_gpio.o(i.hal_gpio_init_analog) refers to hal_gpio.o(i.hal_gpio_init_input) for hal_gpio_init_input
    hal_gpio.o(i.hal_gpio_init_analog) refers to hal_gpio.o(i.create_pattern_mask) for create_pattern_mask
    hal_gpio.o(i.hal_gpio_init_input) refers to hal_gpio.o(i.intercept_overwrite_register) for intercept_overwrite_register
    hal_gpio.o(i.hal_gpio_init_input) refers to hal_gpio.o(i.create_pattern_mask) for create_pattern_mask
    hal_gpio.o(i.hal_gpio_init_output) refers to hal_gpio.o(i.intercept_overwrite_register) for intercept_overwrite_register
    hal_gpio.o(i.hal_gpio_init_output) refers to hal_gpio.o(i.create_pattern_mask) for create_pattern_mask
    hal_gpio.o(i.hal_gpio_irq_set) refers to hal_gpio.o(i.get_syscfg_mask) for get_syscfg_mask
    hal_gpio.o(i.hal_gpio_output_write) refers to hal_gpio.o(i.intercept_overwrite_register) for intercept_overwrite_register
    hal_rcc.o(i.hal_rcc_set_peripheral) refers to hal_rcc.o(i.__ARM_common_switch8) for __ARM_common_switch8
    hal_timer.o(i.hal_timer_init_input) refers to hal_timer.o(i.set_channel_ccreg) for set_channel_ccreg
    hal_timer.o(i.hal_timer_init_input) refers to hal_timer.o(i.set_channel_polarity) for set_channel_polarity
    hal_timer.o(i.hal_timer_init_input) refers to hal_timer.o(i.hal_timer_channel_set) for hal_timer_channel_set
    hal_timer.o(i.hal_timer_init_output) refers to hal_timer.o(i.set_channel_ccreg) for set_channel_ccreg
    hal_timer.o(i.hal_timer_init_output) refers to hal_timer.o(i.set_channel_polarity) for set_channel_polarity
    hal_timer.o(i.hal_timer_init_output) refers to hal_timer.o(i.hal_timer_channel_set) for hal_timer_channel_set
    hal_timer.o(i.hal_timer_init_output) refers to hal_timer.o(i.hal_timer_compare_write) for hal_timer_compare_write
    hal_timer.o(i.hal_timer_init_output) refers to hal_timer.o(i.adv_main_output_set) for adv_main_output_set
    hal_timer.o(i.hal_timer_irq_set) refers to hal_timer.o(i.get_irq_param) for get_irq_param
    hal_timer.o(i.hal_timer_reset) refers to hal_timer.o(i.get_irq_param) for get_irq_param
    rt_memcpy.o(.text) refers to rt_memcpy.o(.emb_text) for __aeabi_memcpy4
    aeabi_idiv0_sigfpe.o(.text) refers to rt_div0.o(.text) for __rt_div0
    rt_div0.o(.text) refers to defsig_fpe_outer.o(.text) for __rt_SIGFPE
    defsig_fpe_outer.o(.text) refers to defsig_fpe_inner.o(.text) for __rt_SIGFPE_inner
    defsig_fpe_outer.o(.text) refers to defsig_exit.o(.text) for __sig_exit
    defsig_fpe_formal.o(.text) refers to rt_raise.o(.text) for __rt_raise
    rt_raise.o(.text) refers to __raise.o(.text) for __raise
    rt_raise.o(.text) refers to sys_exit.o(.text) for _sys_exit
    defsig_exit.o(.text) refers to sys_exit.o(.text) for _sys_exit
    defsig_fpe_inner.o(.text) refers to defsig_general.o(.text) for __default_signal_display
    sys_exit.o(.text) refers (Special) to use_no_semi.o(.text) for __I$use$semihosting
    sys_exit.o(.text) refers (Special) to indicate_semi.o(.text) for __semihosting_library_function
    __raise.o(.text) refers to defsig.o(CL$$defsig) for __default_signal_handler
    defsig_general.o(.text) refers to sys_wrch.o(.text) for _ttywrch
    sys_wrch.o(.text) refers (Special) to use_no_semi.o(.text) for __I$use$semihosting
    sys_wrch.o(.text) refers (Special) to indicate_semi.o(.text) for __semihosting_library_function
    defsig.o(CL$$defsig) refers to defsig_fpe_inner.o(.text) for __rt_SIGFPE_inner
    defsig_abrt_inner.o(.text) refers to defsig_general.o(.text) for __default_signal_display
    defsig_rtred_inner.o(.text) refers to defsig_general.o(.text) for __default_signal_display
    defsig_rtmem_inner.o(.text) refers to defsig_general.o(.text) for __default_signal_display
    defsig_stak_inner.o(.text) refers to defsig_general.o(.text) for __default_signal_display
    defsig_pvfn_inner.o(.text) refers to defsig_general.o(.text) for __default_signal_display
    defsig_cppl_inner.o(.text) refers to defsig_general.o(.text) for __default_signal_display
    defsig_segv_inner.o(.text) refers to defsig_general.o(.text) for __default_signal_display
    defsig_other.o(.text) refers to defsig_general.o(.text) for __default_signal_display


==============================================================================

Removing Unused input sections from the image.

    Removing accelerometer.o(i.accelerometer_read_acc_id), (28 bytes).
    Removing startup_ctboard.o(HEAP), (2048 bytes).
    Removing system_ctboard.o(i.system_enter_sleep), (2 bytes).
    Removing system_ctboard.o(i.system_enter_standby), (2 bytes).
    Removing system_ctboard.o(i.system_enter_stop), (2 bytes).
    Removing hal_ct_lcd.o(i.hal_ct_lcd_color), (40 bytes).
    Removing hal_ct_seg7.o(i.hal_ct_seg7_bin_write), (12 bytes).
    Removing hal_ct_seg7.o(i.hal_ct_seg7_clear), (20 bytes).
    Removing hal_ct_seg7.o(i.hal_ct_seg7_clear_all), (16 bytes).
    Removing hal_ct_seg7.o(i.hal_ct_seg7_dot_clear), (20 bytes).
    Removing hal_ct_seg7.o(i.hal_ct_seg7_dot_set), (20 bytes).
    Removing hal_ct_seg7.o(i.hal_ct_seg7_get_bcd), (38 bytes).
    Removing hal_ct_seg7.o(i.hal_ct_seg7_get_seg7), (20 bytes).
    Removing hal_ct_seg7.o(i.hal_ct_seg7_raw_write), (60 bytes).
    Removing hal_ct_seg7.o(.constdata), (16 bytes).
    Removing hal_fmc.o(i.hal_fmc_reset), (92 bytes).
    Removing hal_gpio.o(i.get_syscfg_mask), (148 bytes).
    Removing hal_gpio.o(i.hal_gpio_bit_reset), (24 bytes).
    Removing hal_gpio.o(i.hal_gpio_bit_set), (24 bytes).
    Removing hal_gpio.o(i.hal_gpio_bit_toggle), (42 bytes).
    Removing hal_gpio.o(i.hal_gpio_init_analog), (50 bytes).
    Removing hal_gpio.o(i.hal_gpio_input_read), (8 bytes).
    Removing hal_gpio.o(i.hal_gpio_irq_clear), (16 bytes).
    Removing hal_gpio.o(i.hal_gpio_irq_set), (268 bytes).
    Removing hal_gpio.o(i.hal_gpio_irq_status), (36 bytes).
    Removing hal_gpio.o(i.hal_gpio_output_read), (8 bytes).
    Removing hal_gpio.o(i.hal_gpio_output_write), (20 bytes).
    Removing hal_gpio.o(i.hal_gpio_reset), (76 bytes).
    Removing hal_pwr.o(i.hal_pwr_reset), (20 bytes).
    Removing hal_pwr.o(i.hal_pwr_set_backup_access), (40 bytes).
    Removing hal_pwr.o(i.hal_pwr_set_backup_domain), (100 bytes).
    Removing hal_pwr.o(i.hal_pwr_set_flash_powerdown), (40 bytes).
    Removing hal_pwr.o(i.hal_pwr_set_underdrive), (6 bytes).
    Removing hal_pwr.o(i.hal_pwr_set_wakeup_pin), (40 bytes).
    Removing hal_rcc.o(i.hal_rcc_set_peripheral), (236 bytes).
    Removing hal_timer.o(i.adv_main_output_set), (26 bytes).
    Removing hal_timer.o(i.get_irq_param), (412 bytes).
    Removing hal_timer.o(i.hal_timer_channel_set), (50 bytes).
    Removing hal_timer.o(i.hal_timer_compare_read), (36 bytes).
    Removing hal_timer.o(i.hal_timer_compare_write), (68 bytes).
    Removing hal_timer.o(i.hal_timer_counter_read), (28 bytes).
    Removing hal_timer.o(i.hal_timer_dma_set), (20 bytes).
    Removing hal_timer.o(i.hal_timer_init_base), (108 bytes).
    Removing hal_timer.o(i.hal_timer_init_clock), (86 bytes).
    Removing hal_timer.o(i.hal_timer_init_input), (64 bytes).
    Removing hal_timer.o(i.hal_timer_init_output), (88 bytes).
    Removing hal_timer.o(i.hal_timer_irq_clear), (8 bytes).
    Removing hal_timer.o(i.hal_timer_irq_set), (92 bytes).
    Removing hal_timer.o(i.hal_timer_irq_status), (28 bytes).
    Removing hal_timer.o(i.hal_timer_prescaler_write), (36 bytes).
    Removing hal_timer.o(i.hal_timer_reload_write), (28 bytes).
    Removing hal_timer.o(i.hal_timer_reset), (220 bytes).
    Removing hal_timer.o(i.hal_timer_start), (10 bytes).
    Removing hal_timer.o(i.hal_timer_stop), (10 bytes).
    Removing hal_timer.o(i.set_channel_ccreg), (102 bytes).
    Removing hal_timer.o(i.set_channel_polarity), (48 bytes).
    Removing hal_rcc.o(i.__ARM_common_switch8), (28 bytes).

57 unused section(s) (total 5234 bytes) removed from the image.

==============================================================================

Image Symbol Table

    Local Symbols

    Symbol Name                              Value     Ov Type        Size  Object(Section)

    ../clib/angel/rt.s                       0x00000000   Number         0  rt_div0.o ABSOLUTE
    ../clib/angel/rt.s                       0x00000000   Number         0  aeabi_idiv0_sigfpe.o ABSOLUTE
    ../clib/angel/rt.s                       0x00000000   Number         0  aeabi_idiv0.o ABSOLUTE
    ../clib/angel/rt.s                       0x00000000   Number         0  rt_raise.o ABSOLUTE
    ../clib/angel/sys.s                      0x00000000   Number         0  indicate_semi.o ABSOLUTE
    ../clib/angel/sys.s                      0x00000000   Number         0  use_no_semi.o ABSOLUTE
    ../clib/angel/sysapp.c                   0x00000000   Number         0  sys_wrch.o ABSOLUTE
    ../clib/angel/sysapp.c                   0x00000000   Number         0  sys_exit.o ABSOLUTE
    ../clib/division.s                       0x00000000   Number         0  aeabi_sdiv_div0.o ABSOLUTE
    ../clib/division.s                       0x00000000   Number         0  aeabi_sdiv.o ABSOLUTE
    ../clib/memcpset.c                       0x00000000   Number         0  rt_memcpy.o ABSOLUTE
    ../clib/memcpset.c                       0x00000000   Number         0  rt_memcpy.o ABSOLUTE
    ../clib/signal.c                         0x00000000   Number         0  defsig_fpe_outer.o ABSOLUTE
    ../clib/signal.c                         0x00000000   Number         0  defsig_exit.o ABSOLUTE
    ../clib/signal.c                         0x00000000   Number         0  defsig_segv_inner.o ABSOLUTE
    ../clib/signal.c                         0x00000000   Number         0  defsig_cppl_inner.o ABSOLUTE
    ../clib/signal.c                         0x00000000   Number         0  defsig_pvfn_inner.o ABSOLUTE
    ../clib/signal.c                         0x00000000   Number         0  defsig_stak_inner.o ABSOLUTE
    ../clib/signal.c                         0x00000000   Number         0  defsig_rtmem_inner.o ABSOLUTE
    ../clib/signal.c                         0x00000000   Number         0  defsig_rtred_inner.o ABSOLUTE
    ../clib/signal.c                         0x00000000   Number         0  defsig_other.o ABSOLUTE
    ../clib/signal.c                         0x00000000   Number         0  defsig_abrt_inner.o ABSOLUTE
    ../clib/signal.c                         0x00000000   Number         0  defsig_general.o ABSOLUTE
    ../clib/signal.c                         0x00000000   Number         0  __raise.o ABSOLUTE
    ../clib/signal.c                         0x00000000   Number         0  defsig_fpe_inner.o ABSOLUTE
    ../clib/signal.c                         0x00000000   Number         0  defsig_fpe_formal.o ABSOLUTE
    ../clib/signal.s                         0x00000000   Number         0  defsig.o ABSOLUTE
    App\accelerometer.c                      0x00000000   Number         0  accelerometer.o ABSOLUTE
    App\display_acc.c                        0x00000000   Number         0  display_acc.o ABSOLUTE
    App\hal_acc.c                            0x00000000   Number         0  hal_acc.o ABSOLUTE
    App\hal_dma.c                            0x00000000   Number         0  hal_dma.o ABSOLUTE
    App\hal_spi.c                            0x00000000   Number         0  hal_spi.o ABSOLUTE
    App\main.c                               0x00000000   Number         0  main.o ABSOLUTE
    RTE\Device\CT_Board_HS14_M0\datainit_ctboard.s 0x00000000   Number         0  datainit_ctboard.o ABSOLUTE
    RTE\Device\CT_Board_HS14_M0\startup_ctboard.s 0x00000000   Number         0  startup_ctboard.o ABSOLUTE
    RTE\Device\CT_Board_HS14_M0\system_ctboard.c 0x00000000   Number         0  system_ctboard.o ABSOLUTE
    RTE\HAL\CT_Board_HS14_M0\hal_ct_lcd.c    0x00000000   Number         0  hal_ct_lcd.o ABSOLUTE
    RTE\HAL\CT_Board_HS14_M0\hal_ct_seg7.c   0x00000000   Number         0  hal_ct_seg7.o ABSOLUTE
    RTE\HAL\CT_Board_HS14_M0\hal_fmc.c       0x00000000   Number         0  hal_fmc.o ABSOLUTE
    RTE\HAL\CT_Board_HS14_M0\hal_gpio.c      0x00000000   Number         0  hal_gpio.o ABSOLUTE
    RTE\HAL\CT_Board_HS14_M0\hal_pwr.c       0x00000000   Number         0  hal_pwr.o ABSOLUTE
    RTE\HAL\CT_Board_HS14_M0\hal_rcc.c       0x00000000   Number         0  hal_rcc.o ABSOLUTE
    RTE\HAL\CT_Board_HS14_M0\hal_timer.c     0x00000000   Number         0  hal_timer.o ABSOLUTE
    dc.s                                     0x00000000   Number         0  dc.o ABSOLUTE
    RESET                                    0x08000000   Section      428  startup_ctboard.o(RESET)
    .emb_text                                0x080001ac   Section       56  rt_memcpy.o(.emb_text)
    .text                                    0x080001e4   Section      124  datainit_ctboard.o(.text)
    .text                                    0x08000260   Section       36  startup_ctboard.o(.text)
    .text                                    0x08000284   Section      346  aeabi_sdiv.o(.text)
    i.DMA2_Stream0_IRQHandler                0x080003e0   Section        0  hal_acc.o(i.DMA2_Stream0_IRQHandler)
    i.EXTI9_5_IRQHandler                     0x08000410   Section        0  main.o(i.EXTI9_5_IRQHandler)
    i.__system                               0x08000430   Section        0  system_ctboard.o(i.__system)
    i.accelerometer_init                     0x08000438   Section        0  accelerometer.o(i.accelerometer_init)
    i.accelerometer_read_acceleration        0x08000468   Section        0  accelerometer.o(i.accelerometer_read_acceleration)
    i.binary_to_bcd_char_array               0x08000528   Section        0  display_acc.o(i.binary_to_bcd_char_array)
    binary_to_bcd_char_array                 0x08000529   Thumb Code    72  display_acc.o(i.binary_to_bcd_char_array)
    i.calculate_acc_average                  0x08000570   Section        0  main.o(i.calculate_acc_average)
    calculate_acc_average                    0x08000571   Thumb Code   100  main.o(i.calculate_acc_average)
    i.clear_spi_read_write_request           0x080005d4   Section        0  hal_spi.o(i.clear_spi_read_write_request)
    i.create_pattern_mask                    0x080005e6   Section        0  hal_gpio.o(i.create_pattern_mask)
    create_pattern_mask                      0x080005e7   Thumb Code    92  hal_gpio.o(i.create_pattern_mask)
    i.hal_acc_init                           0x08000642   Section        0  hal_acc.o(i.hal_acc_init)
    i.hal_acc_spi_read_write                 0x08000668   Section        0  hal_acc.o(i.hal_acc_spi_read_write)
    i.hal_acc_spi_read_write_dma             0x0800068c   Section        0  hal_acc.o(i.hal_acc_spi_read_write_dma)
    i.hal_ct_lcd_clear                       0x08000718   Section        0  hal_ct_lcd.o(i.hal_ct_lcd_clear)
    i.hal_ct_lcd_write                       0x08000744   Section        0  hal_ct_lcd.o(i.hal_ct_lcd_write)
    i.hal_dma_init_base                      0x08000770   Section        0  hal_dma.o(i.hal_dma_init_base)
    i.hal_dma_start                          0x08000902   Section        0  hal_dma.o(i.hal_dma_start)
    i.hal_dma_stop                           0x0800091e   Section        0  hal_dma.o(i.hal_dma_stop)
    i.hal_fmc_init_sram                      0x08000936   Section        0  hal_fmc.o(i.hal_fmc_init_sram)
    i.hal_gpio_init_alternate                0x08000ad2   Section        0  hal_gpio.o(i.hal_gpio_init_alternate)
    i.hal_gpio_init_input                    0x08000b54   Section        0  hal_gpio.o(i.hal_gpio_init_input)
    i.hal_gpio_init_output                   0x08000b8e   Section        0  hal_gpio.o(i.hal_gpio_init_output)
    i.hal_pwr_set_overdrive                  0x08000c26   Section        0  hal_pwr.o(i.hal_pwr_set_overdrive)
    i.hal_rcc_reset                          0x08000c2c   Section        0  hal_rcc.o(i.hal_rcc_reset)
    i.hal_rcc_set_osc                        0x08000cf8   Section        0  hal_rcc.o(i.hal_rcc_set_osc)
    i.hal_rcc_setup_clock                    0x08000d90   Section        0  hal_rcc.o(i.hal_rcc_setup_clock)
    i.hal_rcc_setup_pll                      0x08000e1c   Section        0  hal_rcc.o(i.hal_rcc_setup_pll)
    i.hal_spi_init                           0x08000f64   Section        0  hal_spi.o(i.hal_spi_init)
    i.hal_spi_read_write_bytes               0x08001000   Section        0  hal_spi.o(i.hal_spi_read_write_bytes)
    i.init_FMC_SRAM                          0x08001054   Section        0  system_ctboard.o(i.init_FMC_SRAM)
    init_FMC_SRAM                            0x08001055   Thumb Code   266  system_ctboard.o(i.init_FMC_SRAM)
    i.init_FPU                               0x0800117c   Section        0  system_ctboard.o(i.init_FPU)
    init_FPU                                 0x0800117d   Thumb Code     2  system_ctboard.o(i.init_FPU)
    i.init_LCD                               0x08001180   Section        0  system_ctboard.o(i.init_LCD)
    init_LCD                                 0x08001181   Thumb Code    12  system_ctboard.o(i.init_LCD)
    i.init_SystemClock                       0x08001190   Section        0  system_ctboard.o(i.init_SystemClock)
    init_SystemClock                         0x08001191   Thumb Code   168  system_ctboard.o(i.init_SystemClock)
    i.init_dma                               0x08001248   Section        0  hal_acc.o(i.init_dma)
    init_dma                                 0x08001249   Thumb Code   112  hal_acc.o(i.init_dma)
    i.init_gpio                              0x080012c4   Section        0  hal_acc.o(i.init_gpio)
    init_gpio                                0x080012c5   Thumb Code   220  hal_acc.o(i.init_gpio)
    i.init_rcc                               0x080013c0   Section        0  hal_acc.o(i.init_rcc)
    init_rcc                                 0x080013c1   Thumb Code    42  hal_acc.o(i.init_rcc)
    i.init_spi                               0x080013f0   Section        0  hal_acc.o(i.init_spi)
    init_spi                                 0x080013f1   Thumb Code    38  hal_acc.o(i.init_spi)
    i.intercept_overwrite_register           0x0800141c   Section        0  hal_gpio.o(i.intercept_overwrite_register)
    intercept_overwrite_register             0x0800141d   Thumb Code    22  hal_gpio.o(i.intercept_overwrite_register)
    i.main                                   0x0800143c   Section        0  main.o(i.main)
    i.reset_lcd_display_row                  0x080014b0   Section        0  display_acc.o(i.reset_lcd_display_row)
    reset_lcd_display_row                    0x080014b1   Thumb Code    44  display_acc.o(i.reset_lcd_display_row)
    i.set_all_led_high                       0x080014e8   Section        0  hal_acc.o(i.set_all_led_high)
    set_all_led_high                         0x080014e9   Thumb Code    38  hal_acc.o(i.set_all_led_high)
    i.set_spi_read_write_request             0x08001514   Section        0  hal_spi.o(i.set_spi_read_write_request)
    i.set_ss_pin_high                        0x08001528   Section        0  hal_acc.o(i.set_ss_pin_high)
    set_ss_pin_high                          0x08001529   Thumb Code    14  hal_acc.o(i.set_ss_pin_high)
    i.set_ss_pin_low                         0x0800153c   Section        0  hal_acc.o(i.set_ss_pin_low)
    set_ss_pin_low                           0x0800153d   Thumb Code    14  hal_acc.o(i.set_ss_pin_low)
    i.system_enter_run                       0x08001550   Section        0  system_ctboard.o(i.system_enter_run)
    i.wait_10_us                             0x08001564   Section        0  hal_spi.o(i.wait_10_us)
    wait_10_us                               0x08001565   Thumb Code    14  hal_spi.o(i.wait_10_us)
    i.wait_5_us                              0x08001572   Section        0  hal_acc.o(i.wait_5_us)
    wait_5_us                                0x08001573   Thumb Code    14  hal_acc.o(i.wait_5_us)
    i.write_acc_to_lcd                       0x08001580   Section        0  display_acc.o(i.write_acc_to_lcd)
    i.write_char_to_lcd                      0x0800164c   Section        0  display_acc.o(i.write_char_to_lcd)
    write_char_to_lcd                        0x0800164d   Thumb Code    38  display_acc.o(i.write_char_to_lcd)
    i.write_reg                              0x08001678   Section        0  accelerometer.o(i.write_reg)
    write_reg                                0x08001679   Thumb Code    24  accelerometer.o(i.write_reg)
    .data                                    0x20000000   Section        1  main.o(.data)
    data_ready                               0x20000000   Data           1  main.o(.data)
    .data                                    0x20000001   Section       14  accelerometer.o(.data)
    tx_buffer                                0x20000001   Data           7  accelerometer.o(.data)
    rx_buffer                                0x20000008   Data           7  accelerometer.o(.data)
    .data                                    0x2000000f   Section        1  hal_acc.o(.data)
    transfer_complete                        0x2000000f   Data           1  hal_acc.o(.data)
    .bss                                     0x20000010   Section     1200  main.o(.bss)
    acc_buffer                               0x20000010   Data        1200  main.o(.bss)
    STACK                                    0x200004c0   Section     8192  startup_ctboard.o(STACK)
    __initial_sp                             0x200024c0   Data           0  startup_ctboard.o(STACK)

    Global Symbols

    Symbol Name                              Value     Ov Type        Size  Object(Section)

    BuildAttributes$$THM_ISAv3M$S$PE$A:L22$X:L11$S22$IEEE1$IW$USESV6$~STKCKD$USESV7$~SHL$OSPACE$ROPI$EBA8$STANDARDLIB$REQ8$PRES8$EABIv2 0x00000000   Number         0  anon$$obj.o ABSOLUTE
    __ARM_use_no_argv                        0x00000000   Number         0  main.o ABSOLUTE
    Image$$ER_IROM1$$Limit                    - Undefined Weak Reference
    Image$$RW_IRAM1$$Base                     - Undefined Weak Reference
    Image$$RW_IRAM1$$ZI$$Base                 - Undefined Weak Reference
    Image$$RW_IRAM1$$ZI$$Limit                - Undefined Weak Reference
    __sigvec_lookup                           - Undefined Weak Reference
    __Vectors_Size                           0x000001ac   Number         0  startup_ctboard.o ABSOLUTE
    Stack_Size                               0x00002000   Number         0  startup_ctboard.o ABSOLUTE
    __Vectors                                0x08000000   Data           4  startup_ctboard.o(RESET)
    __Vectors_End                            0x080001ac   Data           0  startup_ctboard.o(RESET)
    __aeabi_memcpy4                          0x080001ad   Thumb Code    56  rt_memcpy.o(.emb_text)
    __aeabi_memcpy8                          0x080001ad   Thumb Code     0  rt_memcpy.o(.emb_text)
    __main                                   0x080001e5   Thumb Code    74  datainit_ctboard.o(.text)
    Reset_Handler                            0x08000261   Thumb Code     8  startup_ctboard.o(.text)
    NMI_Handler                              0x08000269   Thumb Code     2  startup_ctboard.o(.text)
    HardFault_Handler                        0x0800026b   Thumb Code     2  startup_ctboard.o(.text)
    MemManage_Handler                        0x0800026d   Thumb Code     2  startup_ctboard.o(.text)
    BusFault_Handler                         0x0800026f   Thumb Code     2  startup_ctboard.o(.text)
    UsageFault_Handler                       0x08000271   Thumb Code     2  startup_ctboard.o(.text)
    SVC_Handler                              0x08000273   Thumb Code     2  startup_ctboard.o(.text)
    DebugMon_Handler                         0x08000275   Thumb Code     2  startup_ctboard.o(.text)
    PendSV_Handler                           0x08000277   Thumb Code     2  startup_ctboard.o(.text)
    SysTick_Handler                          0x08000279   Thumb Code     2  startup_ctboard.o(.text)
    ADC_IRQHandler                           0x0800027b   Thumb Code     0  startup_ctboard.o(.text)
    CAN1_RX0_IRQHandler                      0x0800027b   Thumb Code     0  startup_ctboard.o(.text)
    CAN1_RX1_IRQHandler                      0x0800027b   Thumb Code     0  startup_ctboard.o(.text)
    CAN1_SCE_IRQHandler                      0x0800027b   Thumb Code     0  startup_ctboard.o(.text)
    CAN1_TX_IRQHandler                       0x0800027b   Thumb Code     0  startup_ctboard.o(.text)
    CAN2_RX0_IRQHandler                      0x0800027b   Thumb Code     0  startup_ctboard.o(.text)
    CAN2_RX1_IRQHandler                      0x0800027b   Thumb Code     0  startup_ctboard.o(.text)
    CAN2_SCE_IRQHandler                      0x0800027b   Thumb Code     0  startup_ctboard.o(.text)
    CAN2_TX_IRQHandler                       0x0800027b   Thumb Code     0  startup_ctboard.o(.text)
    CRYP_IRQHandler                          0x0800027b   Thumb Code     0  startup_ctboard.o(.text)
    DCMI_IRQHandler                          0x0800027b   Thumb Code     0  startup_ctboard.o(.text)
    DMA1_Stream0_IRQHandler                  0x0800027b   Thumb Code     0  startup_ctboard.o(.text)
    DMA1_Stream1_IRQHandler                  0x0800027b   Thumb Code     0  startup_ctboard.o(.text)
    DMA1_Stream2_IRQHandler                  0x0800027b   Thumb Code     0  startup_ctboard.o(.text)
    DMA1_Stream3_IRQHandler                  0x0800027b   Thumb Code     0  startup_ctboard.o(.text)
    DMA1_Stream4_IRQHandler                  0x0800027b   Thumb Code     0  startup_ctboard.o(.text)
    DMA1_Stream5_IRQHandler                  0x0800027b   Thumb Code     0  startup_ctboard.o(.text)
    DMA1_Stream6_IRQHandler                  0x0800027b   Thumb Code     0  startup_ctboard.o(.text)
    DMA1_Stream7_IRQHandler                  0x0800027b   Thumb Code     0  startup_ctboard.o(.text)
    DMA2D_IRQHandler                         0x0800027b   Thumb Code     0  startup_ctboard.o(.text)
    DMA2_Stream1_IRQHandler                  0x0800027b   Thumb Code     0  startup_ctboard.o(.text)
    DMA2_Stream2_IRQHandler                  0x0800027b   Thumb Code     0  startup_ctboard.o(.text)
    DMA2_Stream3_IRQHandler                  0x0800027b   Thumb Code     0  startup_ctboard.o(.text)
    DMA2_Stream4_IRQHandler                  0x0800027b   Thumb Code     0  startup_ctboard.o(.text)
    DMA2_Stream5_IRQHandler                  0x0800027b   Thumb Code     0  startup_ctboard.o(.text)
    DMA2_Stream6_IRQHandler                  0x0800027b   Thumb Code     0  startup_ctboard.o(.text)
    DMA2_Stream7_IRQHandler                  0x0800027b   Thumb Code     0  startup_ctboard.o(.text)
    ETH_IRQHandler                           0x0800027b   Thumb Code     0  startup_ctboard.o(.text)
    ETH_WKUP_IRQHandler                      0x0800027b   Thumb Code     0  startup_ctboard.o(.text)
    EXTI0_IRQHandler                         0x0800027b   Thumb Code     0  startup_ctboard.o(.text)
    EXTI15_10_IRQHandler                     0x0800027b   Thumb Code     0  startup_ctboard.o(.text)
    EXTI1_IRQHandler                         0x0800027b   Thumb Code     0  startup_ctboard.o(.text)
    EXTI2_IRQHandler                         0x0800027b   Thumb Code     0  startup_ctboard.o(.text)
    EXTI3_IRQHandler                         0x0800027b   Thumb Code     0  startup_ctboard.o(.text)
    EXTI4_IRQHandler                         0x0800027b   Thumb Code     0  startup_ctboard.o(.text)
    FLASH_IRQHandler                         0x0800027b   Thumb Code     0  startup_ctboard.o(.text)
    FMC_IRQHandler                           0x0800027b   Thumb Code     0  startup_ctboard.o(.text)
    FPU_IRQHandler                           0x0800027b   Thumb Code     0  startup_ctboard.o(.text)
    HASH_RNG_IRQHandler                      0x0800027b   Thumb Code     0  startup_ctboard.o(.text)
    I2C1_ER_IRQHandler                       0x0800027b   Thumb Code     0  startup_ctboard.o(.text)
    I2C1_EV_IRQHandler                       0x0800027b   Thumb Code     0  startup_ctboard.o(.text)
    I2C2_ER_IRQHandler                       0x0800027b   Thumb Code     0  startup_ctboard.o(.text)
    I2C2_EV_IRQHandler                       0x0800027b   Thumb Code     0  startup_ctboard.o(.text)
    I2C3_ER_IRQHandler                       0x0800027b   Thumb Code     0  startup_ctboard.o(.text)
    I2C3_EV_IRQHandler                       0x0800027b   Thumb Code     0  startup_ctboard.o(.text)
    LTDC_ER_IRQHandler                       0x0800027b   Thumb Code     0  startup_ctboard.o(.text)
    LTDC_IRQHandler                          0x0800027b   Thumb Code     0  startup_ctboard.o(.text)
    OTG_FS_IRQHandler                        0x0800027b   Thumb Code     0  startup_ctboard.o(.text)
    OTG_FS_WKUP_IRQHandler                   0x0800027b   Thumb Code     0  startup_ctboard.o(.text)
    OTG_HS_EP1_IN_IRQHandler                 0x0800027b   Thumb Code     0  startup_ctboard.o(.text)
    OTG_HS_EP1_OUT_IRQHandler                0x0800027b   Thumb Code     0  startup_ctboard.o(.text)
    OTG_HS_IRQHandler                        0x0800027b   Thumb Code     0  startup_ctboard.o(.text)
    OTG_HS_WKUP_IRQHandler                   0x0800027b   Thumb Code     0  startup_ctboard.o(.text)
    PVD_IRQHandler                           0x0800027b   Thumb Code     0  startup_ctboard.o(.text)
    RCC_IRQHandler                           0x0800027b   Thumb Code     0  startup_ctboard.o(.text)
    RTC_Alarm_IRQHandler                     0x0800027b   Thumb Code     0  startup_ctboard.o(.text)
    RTC_WKUP_IRQHandler                      0x0800027b   Thumb Code     0  startup_ctboard.o(.text)
    SAI1_IRQHandler                          0x0800027b   Thumb Code     0  startup_ctboard.o(.text)
    SDIO_IRQHandler                          0x0800027b   Thumb Code     0  startup_ctboard.o(.text)
    SPI1_IRQHandler                          0x0800027b   Thumb Code     0  startup_ctboard.o(.text)
    SPI2_IRQHandler                          0x0800027b   Thumb Code     0  startup_ctboard.o(.text)
    SPI3_IRQHandler                          0x0800027b   Thumb Code     0  startup_ctboard.o(.text)
    SPI4_IRQHandler                          0x0800027b   Thumb Code     0  startup_ctboard.o(.text)
    SPI5_IRQHandler                          0x0800027b   Thumb Code     0  startup_ctboard.o(.text)
    SPI6_IRQHandler                          0x0800027b   Thumb Code     0  startup_ctboard.o(.text)
    TAMP_STAMP_IRQHandler                    0x0800027b   Thumb Code     0  startup_ctboard.o(.text)
    TIM1_BRK_TIM9_IRQHandler                 0x0800027b   Thumb Code     0  startup_ctboard.o(.text)
    TIM1_CC_IRQHandler                       0x0800027b   Thumb Code     0  startup_ctboard.o(.text)
    TIM1_TRG_COM_TIM11_IRQHandler            0x0800027b   Thumb Code     0  startup_ctboard.o(.text)
    TIM1_UP_TIM10_IRQHandler                 0x0800027b   Thumb Code     0  startup_ctboard.o(.text)
    TIM2_IRQHandler                          0x0800027b   Thumb Code     0  startup_ctboard.o(.text)
    TIM3_IRQHandler                          0x0800027b   Thumb Code     0  startup_ctboard.o(.text)
    TIM4_IRQHandler                          0x0800027b   Thumb Code     0  startup_ctboard.o(.text)
    TIM5_IRQHandler                          0x0800027b   Thumb Code     0  startup_ctboard.o(.text)
    TIM6_DAC_IRQHandler                      0x0800027b   Thumb Code     0  startup_ctboard.o(.text)
    TIM7_IRQHandler                          0x0800027b   Thumb Code     0  startup_ctboard.o(.text)
    TIM8_BRK_TIM12_IRQHandler                0x0800027b   Thumb Code     0  startup_ctboard.o(.text)
    TIM8_CC_IRQHandler                       0x0800027b   Thumb Code     0  startup_ctboard.o(.text)
    TIM8_TRG_COM_TIM14_IRQHandler            0x0800027b   Thumb Code     0  startup_ctboard.o(.text)
    TIM8_UP_TIM13_IRQHandler                 0x0800027b   Thumb Code     0  startup_ctboard.o(.text)
    UART4_IRQHandler                         0x0800027b   Thumb Code     0  startup_ctboard.o(.text)
    UART5_IRQHandler                         0x0800027b   Thumb Code     0  startup_ctboard.o(.text)
    UART7_IRQHandler                         0x0800027b   Thumb Code     0  startup_ctboard.o(.text)
    UART8_IRQHandler                         0x0800027b   Thumb Code     0  startup_ctboard.o(.text)
    USART1_IRQHandler                        0x0800027b   Thumb Code     0  startup_ctboard.o(.text)
    USART2_IRQHandler                        0x0800027b   Thumb Code     0  startup_ctboard.o(.text)
    USART3_IRQHandler                        0x0800027b   Thumb Code     0  startup_ctboard.o(.text)
    USART6_IRQHandler                        0x0800027b   Thumb Code     0  startup_ctboard.o(.text)
    WWDG_IRQHandler                          0x0800027b   Thumb Code     0  startup_ctboard.o(.text)
    __aeabi_uidiv                            0x08000285   Thumb Code     0  aeabi_sdiv.o(.text)
    __aeabi_uidivmod                         0x08000285   Thumb Code    20  aeabi_sdiv.o(.text)
    __aeabi_idiv                             0x08000299   Thumb Code     0  aeabi_sdiv.o(.text)
    __aeabi_idivmod                          0x08000299   Thumb Code   326  aeabi_sdiv.o(.text)
    DMA2_Stream0_IRQHandler                  0x080003e1   Thumb Code    36  hal_acc.o(i.DMA2_Stream0_IRQHandler)
    EXTI9_5_IRQHandler                       0x08000411   Thumb Code    22  main.o(i.EXTI9_5_IRQHandler)
    __system                                 0x08000431   Thumb Code     8  system_ctboard.o(i.__system)
    accelerometer_init                       0x08000439   Thumb Code    38  accelerometer.o(i.accelerometer_init)
    accelerometer_read_acceleration          0x08000469   Thumb Code   170  accelerometer.o(i.accelerometer_read_acceleration)
    clear_spi_read_write_request             0x080005d5   Thumb Code    18  hal_spi.o(i.clear_spi_read_write_request)
    hal_acc_init                             0x08000643   Thumb Code    36  hal_acc.o(i.hal_acc_init)
    hal_acc_spi_read_write                   0x08000669   Thumb Code    30  hal_acc.o(i.hal_acc_spi_read_write)
    hal_acc_spi_read_write_dma               0x0800068d   Thumb Code   124  hal_acc.o(i.hal_acc_spi_read_write_dma)
    hal_ct_lcd_clear                         0x08000719   Thumb Code    20  hal_ct_lcd.o(i.hal_ct_lcd_clear)
    hal_ct_lcd_write                         0x08000745   Thumb Code    38  hal_ct_lcd.o(i.hal_ct_lcd_write)
    hal_dma_init_base                        0x08000771   Thumb Code   402  hal_dma.o(i.hal_dma_init_base)
    hal_dma_start                            0x08000903   Thumb Code    28  hal_dma.o(i.hal_dma_start)
    hal_dma_stop                             0x0800091f   Thumb Code    24  hal_dma.o(i.hal_dma_stop)
    hal_fmc_init_sram                        0x08000937   Thumb Code   412  hal_fmc.o(i.hal_fmc_init_sram)
    hal_gpio_init_alternate                  0x08000ad3   Thumb Code   130  hal_gpio.o(i.hal_gpio_init_alternate)
    hal_gpio_init_input                      0x08000b55   Thumb Code    58  hal_gpio.o(i.hal_gpio_init_input)
    hal_gpio_init_output                     0x08000b8f   Thumb Code   152  hal_gpio.o(i.hal_gpio_init_output)
    hal_pwr_set_overdrive                    0x08000c27   Thumb Code     6  hal_pwr.o(i.hal_pwr_set_overdrive)
    hal_rcc_reset                            0x08000c2d   Thumb Code   176  hal_rcc.o(i.hal_rcc_reset)
    hal_rcc_set_osc                          0x08000cf9   Thumb Code   148  hal_rcc.o(i.hal_rcc_set_osc)
    hal_rcc_setup_clock                      0x08000d91   Thumb Code   132  hal_rcc.o(i.hal_rcc_setup_clock)
    hal_rcc_setup_pll                        0x08000e1d   Thumb Code   314  hal_rcc.o(i.hal_rcc_setup_pll)
    hal_spi_init                             0x08000f65   Thumb Code   154  hal_spi.o(i.hal_spi_init)
    hal_spi_read_write_bytes                 0x08001001   Thumb Code    78  hal_spi.o(i.hal_spi_read_write_bytes)
    main                                     0x0800143d   Thumb Code   106  main.o(i.main)
    set_spi_read_write_request               0x08001515   Thumb Code    18  hal_spi.o(i.set_spi_read_write_request)
    system_enter_run                         0x08001551   Thumb Code    20  system_ctboard.o(i.system_enter_run)
    write_acc_to_lcd                         0x08001581   Thumb Code   182  display_acc.o(i.write_acc_to_lcd)
    Image$$RO$$Limit                         0x08001690   Number         0  anon$$obj.o ABSOLUTE
    Image$$RW$$Base                          0x20000000   Number         0  anon$$obj.o ABSOLUTE
    Image$$ZI$$Base                          0x20000010   Number         0  anon$$obj.o ABSOLUTE
    Stack_Mem                                0x200004c0   Data        8192  startup_ctboard.o(STACK)
    Image$$ZI$$Limit                         0x200024c0   Number         0  anon$$obj.o ABSOLUTE



==============================================================================

Memory Map of the image

  Image Entry point : 0x08000261

  Load Region LR_1 (Base: 0x08000000, Size: 0x000016a0, Max: 0xffffffff, ABSOLUTE)

    Execution Region ER_RO (Exec base: 0x08000000, Load base: 0x08000000, Size: 0x00001690, Max: 0xffffffff, ABSOLUTE)

    Exec Addr    Load Addr    Size         Type   Attr      Idx    E Section Name        Object

    0x08000000   0x08000000   0x000001ac   Data   RO          267    RESET               startup_ctboard.o
    0x080001ac   0x080001ac   0x00000038   Code   RO          761    .emb_text           c_p.l(rt_memcpy.o)
    0x080001e4   0x080001e4   0x0000007c   Code   RO          260    .text               datainit_ctboard.o
    0x08000260   0x08000260   0x00000024   Code   RO          268  * .text               startup_ctboard.o
    0x08000284   0x08000284   0x0000015a   Code   RO          765    .text               c_p.l(aeabi_sdiv.o)
    0x080003de   0x080003de   0x00000002   PAD
    0x080003e0   0x080003e0   0x00000030   Code   RO          155    i.DMA2_Stream0_IRQHandler  hal_acc.o
    0x08000410   0x08000410   0x00000020   Code   RO           50    i.EXTI9_5_IRQHandler  main.o
    0x08000430   0x08000430   0x00000008   Code   RO          272    i.__system          system_ctboard.o
    0x08000438   0x08000438   0x00000030   Code   RO           85    i.accelerometer_init  accelerometer.o
    0x08000468   0x08000468   0x000000c0   Code   RO           87    i.accelerometer_read_acceleration  accelerometer.o
    0x08000528   0x08000528   0x00000048   Code   RO          125    i.binary_to_bcd_char_array  display_acc.o
    0x08000570   0x08000570   0x00000064   Code   RO           51    i.calculate_acc_average  main.o
    0x080005d4   0x080005d4   0x00000012   Code   RO            1    i.clear_spi_read_write_request  hal_spi.o
    0x080005e6   0x080005e6   0x0000005c   Code   RO          440    i.create_pattern_mask  hal_gpio.o
    0x08000642   0x08000642   0x00000024   Code   RO          156    i.hal_acc_init      hal_acc.o
    0x08000666   0x08000666   0x00000002   PAD
    0x08000668   0x08000668   0x00000024   Code   RO          157    i.hal_acc_spi_read_write  hal_acc.o
    0x0800068c   0x0800068c   0x0000008c   Code   RO          158    i.hal_acc_spi_read_write_dma  hal_acc.o
    0x08000718   0x08000718   0x0000002c   Code   RO          340    i.hal_ct_lcd_clear  hal_ct_lcd.o
    0x08000744   0x08000744   0x0000002c   Code   RO          342    i.hal_ct_lcd_write  hal_ct_lcd.o
    0x08000770   0x08000770   0x00000192   Code   RO          236    i.hal_dma_init_base  hal_dma.o
    0x08000902   0x08000902   0x0000001c   Code   RO          237    i.hal_dma_start     hal_dma.o
    0x0800091e   0x0800091e   0x00000018   Code   RO          238    i.hal_dma_stop      hal_dma.o
    0x08000936   0x08000936   0x0000019c   Code   RO          422    i.hal_fmc_init_sram  hal_fmc.o
    0x08000ad2   0x08000ad2   0x00000082   Code   RO          445    i.hal_gpio_init_alternate  hal_gpio.o
    0x08000b54   0x08000b54   0x0000003a   Code   RO          447    i.hal_gpio_init_input  hal_gpio.o
    0x08000b8e   0x08000b8e   0x00000098   Code   RO          448    i.hal_gpio_init_output  hal_gpio.o
    0x08000c26   0x08000c26   0x00000006   Code   RO          549    i.hal_pwr_set_overdrive  hal_pwr.o
    0x08000c2c   0x08000c2c   0x000000cc   Code   RO          593    i.hal_rcc_reset     hal_rcc.o
    0x08000cf8   0x08000cf8   0x00000098   Code   RO          594    i.hal_rcc_set_osc   hal_rcc.o
    0x08000d90   0x08000d90   0x0000008c   Code   RO          596    i.hal_rcc_setup_clock  hal_rcc.o
    0x08000e1c   0x08000e1c   0x00000148   Code   RO          597    i.hal_rcc_setup_pll  hal_rcc.o
    0x08000f64   0x08000f64   0x0000009a   Code   RO            2    i.hal_spi_init      hal_spi.o
    0x08000ffe   0x08000ffe   0x00000002   PAD
    0x08001000   0x08001000   0x00000054   Code   RO            3    i.hal_spi_read_write_bytes  hal_spi.o
    0x08001054   0x08001054   0x00000128   Code   RO          273    i.init_FMC_SRAM     system_ctboard.o
    0x0800117c   0x0800117c   0x00000002   Code   RO          274    i.init_FPU          system_ctboard.o
    0x0800117e   0x0800117e   0x00000002   PAD
    0x08001180   0x08001180   0x00000010   Code   RO          275    i.init_LCD          system_ctboard.o
    0x08001190   0x08001190   0x000000b8   Code   RO          276    i.init_SystemClock  system_ctboard.o
    0x08001248   0x08001248   0x0000007c   Code   RO          159    i.init_dma          hal_acc.o
    0x080012c4   0x080012c4   0x000000fc   Code   RO          160    i.init_gpio         hal_acc.o
    0x080013c0   0x080013c0   0x00000030   Code   RO          161    i.init_rcc          hal_acc.o
    0x080013f0   0x080013f0   0x0000002c   Code   RO          162    i.init_spi          hal_acc.o
    0x0800141c   0x0800141c   0x00000020   Code   RO          456    i.intercept_overwrite_register  hal_gpio.o
    0x0800143c   0x0800143c   0x00000074   Code   RO           52    i.main              main.o
    0x080014b0   0x080014b0   0x00000038   Code   RO          126    i.reset_lcd_display_row  display_acc.o
    0x080014e8   0x080014e8   0x0000002c   Code   RO          163    i.set_all_led_high  hal_acc.o
    0x08001514   0x08001514   0x00000012   Code   RO            4    i.set_spi_read_write_request  hal_spi.o
    0x08001526   0x08001526   0x00000002   PAD
    0x08001528   0x08001528   0x00000014   Code   RO          164    i.set_ss_pin_high   hal_acc.o
    0x0800153c   0x0800153c   0x00000014   Code   RO          165    i.set_ss_pin_low    hal_acc.o
    0x08001550   0x08001550   0x00000014   Code   RO          277    i.system_enter_run  system_ctboard.o
    0x08001564   0x08001564   0x0000000e   Code   RO            5    i.wait_10_us        hal_spi.o
    0x08001572   0x08001572   0x0000000e   Code   RO          166    i.wait_5_us         hal_acc.o
    0x08001580   0x08001580   0x000000cc   Code   RO          127    i.write_acc_to_lcd  display_acc.o
    0x0800164c   0x0800164c   0x0000002c   Code   RO          128    i.write_char_to_lcd  display_acc.o
    0x08001678   0x08001678   0x00000018   Code   RO           88    i.write_reg         accelerometer.o


    Execution Region ER_RW (Exec base: 0x20000000, Load base: 0x08001690, Size: 0x00000010, Max: 0xffffffff, ABSOLUTE)

    Exec Addr    Load Addr    Size         Type   Attr      Idx    E Section Name        Object

    0x20000000   0x08001690   0x00000001   Data   RW           54    .data               main.o
    0x20000001   0x08001691   0x0000000e   Data   RW           89    .data               accelerometer.o
    0x2000000f   0x0800169f   0x00000001   Data   RW          167    .data               hal_acc.o


    Execution Region ER_ZI (Exec base: 0x20000010, Load base: 0x080016a0, Size: 0x000024b0, Max: 0xffffffff, ABSOLUTE)

    Exec Addr    Load Addr    Size         Type   Attr      Idx    E Section Name        Object

    0x20000010        -       0x000004b0   Zero   RW           53    .bss                main.o
    0x200004c0        -       0x00002000   Zero   RW          265    STACK               startup_ctboard.o


==============================================================================

Image component sizes


      Code (inc. data)   RO Data    RW Data    ZI Data      Debug   Object Name

       264         32          0         14          0       2479   accelerometer.o
       124         50          0          0          0        460   datainit_ctboard.o
       376         40          0          0          0       2971   display_acc.o
       826        108          0          1          0      11163   hal_acc.o
        88         30          0          0          0       1102   hal_ct_lcd.o
       454          0          0          0          0       1975   hal_dma.o
       412          0          0          0          0        916   hal_fmc.o
       464         10          0          0          0       3623   hal_gpio.o
         6          0          0          0          0        532   hal_pwr.o
       824         54          0          0          0       2568   hal_rcc.o
       288          6          0          0          0      41878   hal_spi.o
       248         20          0          1       1200       3000   main.o
        36          8        428          0       8192        828   startup_ctboard.o
       526         50          0          0          0       4174   system_ctboard.o

    ----------------------------------------------------------------------
      4944        408        428         16       9392      77669   Object Totals
         0          0          0          0          0          0   (incl. Generated)
         8          0          0          0          0          0   (incl. Padding)

    ----------------------------------------------------------------------

      Code (inc. data)   RO Data    RW Data    ZI Data      Debug   Library Member Name

       346          0          0          0          0         92   aeabi_sdiv.o
        56          0          0          0          0         68   rt_memcpy.o

    ----------------------------------------------------------------------
       404          0          0          0          0        160   Library Totals
         2          0          0          0          0          0   (incl. Padding)

    ----------------------------------------------------------------------

      Code (inc. data)   RO Data    RW Data    ZI Data      Debug   Library Name

       402          0          0          0          0        160   c_p.l

    ----------------------------------------------------------------------
       404          0          0          0          0        160   Library Totals

    ----------------------------------------------------------------------

==============================================================================


      Code (inc. data)   RO Data    RW Data    ZI Data      Debug   

      5348        408        428         16       9392      75649   Grand Totals
      5348        408        428         16       9392      75649   ELF Image Totals
      5348        408        428         16          0          0   ROM Totals

==============================================================================

    Total RO  Size (Code + RO Data)                 5776 (   5.64kB)
    Total RW  Size (RW Data + ZI Data)              9408 (   9.19kB)
    Total ROM Size (Code + RO Data + RW Data)       5792 (   5.66kB)

==============================================================================

