<!doctype html public "-//w3c//dtd html 4.0 transitional//en">
<html><head>
<title>Static Call Graph - [.\Objects\Project.axf]</title></head>
<body><HR>
<H1>Static Call Graph for image .\Objects\Project.axf</H1><HR>
<BR><P>#&#060CALLGRAPH&#062# ARM Linker, 5060528: Last Updated: Mon Oct 08 17:11:08 2018
<BR><P>
<H3>Maximum Stack Usage =        152 bytes + Unknown(Cycles, Untraceable Function Pointers)</H3><H3>
Call chain for Maximum Stack Depth:</H3>
__system &rArr; system_enter_run &rArr; init_FMC_SRAM &rArr; hal_gpio_init_alternate &rArr; hal_gpio_init_output &rArr; create_pattern_mask &rArr; __aeabi_idivmod
<P>
<H3>
Mutually Recursive functions
</H3> <LI><a href="#[2]">NMI_Handler</a>&nbsp;&nbsp;&nbsp;&rArr;&nbsp;&nbsp;&nbsp;<a href="#[2]">NMI_Handler</a><BR>
 <LI><a href="#[3]">HardFault_Handler</a>&nbsp;&nbsp;&nbsp;&rArr;&nbsp;&nbsp;&nbsp;<a href="#[3]">HardFault_Handler</a><BR>
 <LI><a href="#[4]">MemManage_Handler</a>&nbsp;&nbsp;&nbsp;&rArr;&nbsp;&nbsp;&nbsp;<a href="#[4]">MemManage_Handler</a><BR>
 <LI><a href="#[5]">BusFault_Handler</a>&nbsp;&nbsp;&nbsp;&rArr;&nbsp;&nbsp;&nbsp;<a href="#[5]">BusFault_Handler</a><BR>
 <LI><a href="#[6]">UsageFault_Handler</a>&nbsp;&nbsp;&nbsp;&rArr;&nbsp;&nbsp;&nbsp;<a href="#[6]">UsageFault_Handler</a><BR>
 <LI><a href="#[7]">SVC_Handler</a>&nbsp;&nbsp;&nbsp;&rArr;&nbsp;&nbsp;&nbsp;<a href="#[7]">SVC_Handler</a><BR>
 <LI><a href="#[8]">DebugMon_Handler</a>&nbsp;&nbsp;&nbsp;&rArr;&nbsp;&nbsp;&nbsp;<a href="#[8]">DebugMon_Handler</a><BR>
 <LI><a href="#[9]">PendSV_Handler</a>&nbsp;&nbsp;&nbsp;&rArr;&nbsp;&nbsp;&nbsp;<a href="#[9]">PendSV_Handler</a><BR>
 <LI><a href="#[a]">SysTick_Handler</a>&nbsp;&nbsp;&nbsp;&rArr;&nbsp;&nbsp;&nbsp;<a href="#[a]">SysTick_Handler</a><BR>
 <LI><a href="#[1d]">ADC_IRQHandler</a>&nbsp;&nbsp;&nbsp;&rArr;&nbsp;&nbsp;&nbsp;<a href="#[1d]">ADC_IRQHandler</a><BR>
</UL>
<P>
<H3>
Function Pointers
</H3><UL>
 <LI><a href="#[1d]">ADC_IRQHandler</a> from startup_ctboard.o(.text) referenced from startup_ctboard.o(RESET)
 <LI><a href="#[5]">BusFault_Handler</a> from startup_ctboard.o(.text) referenced from startup_ctboard.o(RESET)
 <LI><a href="#[1f]">CAN1_RX0_IRQHandler</a> from startup_ctboard.o(.text) referenced from startup_ctboard.o(RESET)
 <LI><a href="#[20]">CAN1_RX1_IRQHandler</a> from startup_ctboard.o(.text) referenced from startup_ctboard.o(RESET)
 <LI><a href="#[21]">CAN1_SCE_IRQHandler</a> from startup_ctboard.o(.text) referenced from startup_ctboard.o(RESET)
 <LI><a href="#[1e]">CAN1_TX_IRQHandler</a> from startup_ctboard.o(.text) referenced from startup_ctboard.o(RESET)
 <LI><a href="#[4b]">CAN2_RX0_IRQHandler</a> from startup_ctboard.o(.text) referenced from startup_ctboard.o(RESET)
 <LI><a href="#[4c]">CAN2_RX1_IRQHandler</a> from startup_ctboard.o(.text) referenced from startup_ctboard.o(RESET)
 <LI><a href="#[4d]">CAN2_SCE_IRQHandler</a> from startup_ctboard.o(.text) referenced from startup_ctboard.o(RESET)
 <LI><a href="#[4a]">CAN2_TX_IRQHandler</a> from startup_ctboard.o(.text) referenced from startup_ctboard.o(RESET)
 <LI><a href="#[5a]">CRYP_IRQHandler</a> from startup_ctboard.o(.text) referenced from startup_ctboard.o(RESET)
 <LI><a href="#[59]">DCMI_IRQHandler</a> from startup_ctboard.o(.text) referenced from startup_ctboard.o(RESET)
 <LI><a href="#[16]">DMA1_Stream0_IRQHandler</a> from startup_ctboard.o(.text) referenced from startup_ctboard.o(RESET)
 <LI><a href="#[17]">DMA1_Stream1_IRQHandler</a> from startup_ctboard.o(.text) referenced from startup_ctboard.o(RESET)
 <LI><a href="#[18]">DMA1_Stream2_IRQHandler</a> from startup_ctboard.o(.text) referenced from startup_ctboard.o(RESET)
 <LI><a href="#[19]">DMA1_Stream3_IRQHandler</a> from startup_ctboard.o(.text) referenced from startup_ctboard.o(RESET)
 <LI><a href="#[1a]">DMA1_Stream4_IRQHandler</a> from startup_ctboard.o(.text) referenced from startup_ctboard.o(RESET)
 <LI><a href="#[1b]">DMA1_Stream5_IRQHandler</a> from startup_ctboard.o(.text) referenced from startup_ctboard.o(RESET)
 <LI><a href="#[1c]">DMA1_Stream6_IRQHandler</a> from startup_ctboard.o(.text) referenced from startup_ctboard.o(RESET)
 <LI><a href="#[3a]">DMA1_Stream7_IRQHandler</a> from startup_ctboard.o(.text) referenced from startup_ctboard.o(RESET)
 <LI><a href="#[65]">DMA2D_IRQHandler</a> from startup_ctboard.o(.text) referenced from startup_ctboard.o(RESET)
 <LI><a href="#[43]">DMA2_Stream0_IRQHandler</a> from hal_acc.o(i.DMA2_Stream0_IRQHandler) referenced from startup_ctboard.o(RESET)
 <LI><a href="#[44]">DMA2_Stream1_IRQHandler</a> from startup_ctboard.o(.text) referenced from startup_ctboard.o(RESET)
 <LI><a href="#[45]">DMA2_Stream2_IRQHandler</a> from startup_ctboard.o(.text) referenced from startup_ctboard.o(RESET)
 <LI><a href="#[46]">DMA2_Stream3_IRQHandler</a> from startup_ctboard.o(.text) referenced from startup_ctboard.o(RESET)
 <LI><a href="#[47]">DMA2_Stream4_IRQHandler</a> from startup_ctboard.o(.text) referenced from startup_ctboard.o(RESET)
 <LI><a href="#[4f]">DMA2_Stream5_IRQHandler</a> from startup_ctboard.o(.text) referenced from startup_ctboard.o(RESET)
 <LI><a href="#[50]">DMA2_Stream6_IRQHandler</a> from startup_ctboard.o(.text) referenced from startup_ctboard.o(RESET)
 <LI><a href="#[51]">DMA2_Stream7_IRQHandler</a> from startup_ctboard.o(.text) referenced from startup_ctboard.o(RESET)
 <LI><a href="#[8]">DebugMon_Handler</a> from startup_ctboard.o(.text) referenced from startup_ctboard.o(RESET)
 <LI><a href="#[48]">ETH_IRQHandler</a> from startup_ctboard.o(.text) referenced from startup_ctboard.o(RESET)
 <LI><a href="#[49]">ETH_WKUP_IRQHandler</a> from startup_ctboard.o(.text) referenced from startup_ctboard.o(RESET)
 <LI><a href="#[11]">EXTI0_IRQHandler</a> from startup_ctboard.o(.text) referenced from startup_ctboard.o(RESET)
 <LI><a href="#[33]">EXTI15_10_IRQHandler</a> from startup_ctboard.o(.text) referenced from startup_ctboard.o(RESET)
 <LI><a href="#[12]">EXTI1_IRQHandler</a> from startup_ctboard.o(.text) referenced from startup_ctboard.o(RESET)
 <LI><a href="#[13]">EXTI2_IRQHandler</a> from startup_ctboard.o(.text) referenced from startup_ctboard.o(RESET)
 <LI><a href="#[14]">EXTI3_IRQHandler</a> from startup_ctboard.o(.text) referenced from startup_ctboard.o(RESET)
 <LI><a href="#[15]">EXTI4_IRQHandler</a> from startup_ctboard.o(.text) referenced from startup_ctboard.o(RESET)
 <LI><a href="#[22]">EXTI9_5_IRQHandler</a> from main.o(i.EXTI9_5_IRQHandler) referenced from startup_ctboard.o(RESET)
 <LI><a href="#[f]">FLASH_IRQHandler</a> from startup_ctboard.o(.text) referenced from startup_ctboard.o(RESET)
 <LI><a href="#[3b]">FMC_IRQHandler</a> from startup_ctboard.o(.text) referenced from startup_ctboard.o(RESET)
 <LI><a href="#[5c]">FPU_IRQHandler</a> from startup_ctboard.o(.text) referenced from startup_ctboard.o(RESET)
 <LI><a href="#[5b]">HASH_RNG_IRQHandler</a> from startup_ctboard.o(.text) referenced from startup_ctboard.o(RESET)
 <LI><a href="#[3]">HardFault_Handler</a> from startup_ctboard.o(.text) referenced from startup_ctboard.o(RESET)
 <LI><a href="#[2b]">I2C1_ER_IRQHandler</a> from startup_ctboard.o(.text) referenced from startup_ctboard.o(RESET)
 <LI><a href="#[2a]">I2C1_EV_IRQHandler</a> from startup_ctboard.o(.text) referenced from startup_ctboard.o(RESET)
 <LI><a href="#[2d]">I2C2_ER_IRQHandler</a> from startup_ctboard.o(.text) referenced from startup_ctboard.o(RESET)
 <LI><a href="#[2c]">I2C2_EV_IRQHandler</a> from startup_ctboard.o(.text) referenced from startup_ctboard.o(RESET)
 <LI><a href="#[54]">I2C3_ER_IRQHandler</a> from startup_ctboard.o(.text) referenced from startup_ctboard.o(RESET)
 <LI><a href="#[53]">I2C3_EV_IRQHandler</a> from startup_ctboard.o(.text) referenced from startup_ctboard.o(RESET)
 <LI><a href="#[64]">LTDC_ER_IRQHandler</a> from startup_ctboard.o(.text) referenced from startup_ctboard.o(RESET)
 <LI><a href="#[63]">LTDC_IRQHandler</a> from startup_ctboard.o(.text) referenced from startup_ctboard.o(RESET)
 <LI><a href="#[4]">MemManage_Handler</a> from startup_ctboard.o(.text) referenced from startup_ctboard.o(RESET)
 <LI><a href="#[2]">NMI_Handler</a> from startup_ctboard.o(.text) referenced from startup_ctboard.o(RESET)
 <LI><a href="#[4e]">OTG_FS_IRQHandler</a> from startup_ctboard.o(.text) referenced from startup_ctboard.o(RESET)
 <LI><a href="#[35]">OTG_FS_WKUP_IRQHandler</a> from startup_ctboard.o(.text) referenced from startup_ctboard.o(RESET)
 <LI><a href="#[56]">OTG_HS_EP1_IN_IRQHandler</a> from startup_ctboard.o(.text) referenced from startup_ctboard.o(RESET)
 <LI><a href="#[55]">OTG_HS_EP1_OUT_IRQHandler</a> from startup_ctboard.o(.text) referenced from startup_ctboard.o(RESET)
 <LI><a href="#[58]">OTG_HS_IRQHandler</a> from startup_ctboard.o(.text) referenced from startup_ctboard.o(RESET)
 <LI><a href="#[57]">OTG_HS_WKUP_IRQHandler</a> from startup_ctboard.o(.text) referenced from startup_ctboard.o(RESET)
 <LI><a href="#[c]">PVD_IRQHandler</a> from startup_ctboard.o(.text) referenced from startup_ctboard.o(RESET)
 <LI><a href="#[9]">PendSV_Handler</a> from startup_ctboard.o(.text) referenced from startup_ctboard.o(RESET)
 <LI><a href="#[10]">RCC_IRQHandler</a> from startup_ctboard.o(.text) referenced from startup_ctboard.o(RESET)
 <LI><a href="#[34]">RTC_Alarm_IRQHandler</a> from startup_ctboard.o(.text) referenced from startup_ctboard.o(RESET)
 <LI><a href="#[e]">RTC_WKUP_IRQHandler</a> from startup_ctboard.o(.text) referenced from startup_ctboard.o(RESET)
 <LI><a href="#[69]">Reset_Handler</a> from startup_ctboard.o(.text) referenced from startup_ctboard.o(RESET)
 <LI><a href="#[62]">SAI1_IRQHandler</a> from startup_ctboard.o(.text) referenced from startup_ctboard.o(RESET)
 <LI><a href="#[3c]">SDIO_IRQHandler</a> from startup_ctboard.o(.text) referenced from startup_ctboard.o(RESET)
 <LI><a href="#[2e]">SPI1_IRQHandler</a> from startup_ctboard.o(.text) referenced from startup_ctboard.o(RESET)
 <LI><a href="#[2f]">SPI2_IRQHandler</a> from startup_ctboard.o(.text) referenced from startup_ctboard.o(RESET)
 <LI><a href="#[3e]">SPI3_IRQHandler</a> from startup_ctboard.o(.text) referenced from startup_ctboard.o(RESET)
 <LI><a href="#[5f]">SPI4_IRQHandler</a> from startup_ctboard.o(.text) referenced from startup_ctboard.o(RESET)
 <LI><a href="#[60]">SPI5_IRQHandler</a> from startup_ctboard.o(.text) referenced from startup_ctboard.o(RESET)
 <LI><a href="#[61]">SPI6_IRQHandler</a> from startup_ctboard.o(.text) referenced from startup_ctboard.o(RESET)
 <LI><a href="#[7]">SVC_Handler</a> from startup_ctboard.o(.text) referenced from startup_ctboard.o(RESET)
 <LI><a href="#[a]">SysTick_Handler</a> from startup_ctboard.o(.text) referenced from startup_ctboard.o(RESET)
 <LI><a href="#[d]">TAMP_STAMP_IRQHandler</a> from startup_ctboard.o(.text) referenced from startup_ctboard.o(RESET)
 <LI><a href="#[23]">TIM1_BRK_TIM9_IRQHandler</a> from startup_ctboard.o(.text) referenced from startup_ctboard.o(RESET)
 <LI><a href="#[26]">TIM1_CC_IRQHandler</a> from startup_ctboard.o(.text) referenced from startup_ctboard.o(RESET)
 <LI><a href="#[25]">TIM1_TRG_COM_TIM11_IRQHandler</a> from startup_ctboard.o(.text) referenced from startup_ctboard.o(RESET)
 <LI><a href="#[24]">TIM1_UP_TIM10_IRQHandler</a> from startup_ctboard.o(.text) referenced from startup_ctboard.o(RESET)
 <LI><a href="#[27]">TIM2_IRQHandler</a> from startup_ctboard.o(.text) referenced from startup_ctboard.o(RESET)
 <LI><a href="#[28]">TIM3_IRQHandler</a> from startup_ctboard.o(.text) referenced from startup_ctboard.o(RESET)
 <LI><a href="#[29]">TIM4_IRQHandler</a> from startup_ctboard.o(.text) referenced from startup_ctboard.o(RESET)
 <LI><a href="#[3d]">TIM5_IRQHandler</a> from startup_ctboard.o(.text) referenced from startup_ctboard.o(RESET)
 <LI><a href="#[41]">TIM6_DAC_IRQHandler</a> from startup_ctboard.o(.text) referenced from startup_ctboard.o(RESET)
 <LI><a href="#[42]">TIM7_IRQHandler</a> from startup_ctboard.o(.text) referenced from startup_ctboard.o(RESET)
 <LI><a href="#[36]">TIM8_BRK_TIM12_IRQHandler</a> from startup_ctboard.o(.text) referenced from startup_ctboard.o(RESET)
 <LI><a href="#[39]">TIM8_CC_IRQHandler</a> from startup_ctboard.o(.text) referenced from startup_ctboard.o(RESET)
 <LI><a href="#[38]">TIM8_TRG_COM_TIM14_IRQHandler</a> from startup_ctboard.o(.text) referenced from startup_ctboard.o(RESET)
 <LI><a href="#[37]">TIM8_UP_TIM13_IRQHandler</a> from startup_ctboard.o(.text) referenced from startup_ctboard.o(RESET)
 <LI><a href="#[3f]">UART4_IRQHandler</a> from startup_ctboard.o(.text) referenced from startup_ctboard.o(RESET)
 <LI><a href="#[40]">UART5_IRQHandler</a> from startup_ctboard.o(.text) referenced from startup_ctboard.o(RESET)
 <LI><a href="#[5d]">UART7_IRQHandler</a> from startup_ctboard.o(.text) referenced from startup_ctboard.o(RESET)
 <LI><a href="#[5e]">UART8_IRQHandler</a> from startup_ctboard.o(.text) referenced from startup_ctboard.o(RESET)
 <LI><a href="#[30]">USART1_IRQHandler</a> from startup_ctboard.o(.text) referenced from startup_ctboard.o(RESET)
 <LI><a href="#[31]">USART2_IRQHandler</a> from startup_ctboard.o(.text) referenced from startup_ctboard.o(RESET)
 <LI><a href="#[32]">USART3_IRQHandler</a> from startup_ctboard.o(.text) referenced from startup_ctboard.o(RESET)
 <LI><a href="#[52]">USART6_IRQHandler</a> from startup_ctboard.o(.text) referenced from startup_ctboard.o(RESET)
 <LI><a href="#[6]">UsageFault_Handler</a> from startup_ctboard.o(.text) referenced from startup_ctboard.o(RESET)
 <LI><a href="#[b]">WWDG_IRQHandler</a> from startup_ctboard.o(.text) referenced from startup_ctboard.o(RESET)
 <LI><a href="#[68]">__main</a> from datainit_ctboard.o(.text) referenced from startup_ctboard.o(.text)
 <LI><a href="#[67]">__system</a> from system_ctboard.o(i.__system) referenced from startup_ctboard.o(.text)
 <LI><a href="#[66]">main</a> from main.o(i.main) referenced from datainit_ctboard.o(.text)
</UL>
<P>
<H3>
Global Symbols
</H3>
<P><STRONG><a name="[8b]"></a>__aeabi_memcpy4</STRONG> (Thumb, 56 bytes, Stack size 0 bytes, rt_memcpy.o(.emb_text))
<BR><BR>[Called By]<UL><LI><a href="#[8a]">&gt;&gt;</a>&nbsp;&nbsp;&nbsp;init_FMC_SRAM
<LI><a href="#[95]">&gt;&gt;</a>&nbsp;&nbsp;&nbsp;write_acc_to_lcd
</UL>

<P><STRONG><a name="[9a]"></a>__aeabi_memcpy8</STRONG> (Thumb, 0 bytes, Stack size 0 bytes, rt_memcpy.o(.emb_text), UNUSED)

<P><STRONG><a name="[68]"></a>__main</STRONG> (Thumb, 74 bytes, Stack size 0 bytes, datainit_ctboard.o(.text))
<BR>[Address Reference Count : 1]<UL><LI> startup_ctboard.o(.text)
</UL>
<P><STRONG><a name="[69]"></a>Reset_Handler</STRONG> (Thumb, 8 bytes, Stack size 0 bytes, startup_ctboard.o(.text))

<P><STRONG><a name="[2]"></a>NMI_Handler</STRONG> (Thumb, 2 bytes, Stack size 0 bytes, startup_ctboard.o(.text))
<BR><BR>[Calls]<UL><LI><a href="#[2]">&gt;&gt;</a>&nbsp;&nbsp;&nbsp;NMI_Handler
</UL>
<BR>[Called By]<UL><LI><a href="#[2]">&gt;&gt;</a>&nbsp;&nbsp;&nbsp;NMI_Handler
</UL>
<BR>[Address Reference Count : 1]<UL><LI> startup_ctboard.o(RESET)
</UL>
<P><STRONG><a name="[3]"></a>HardFault_Handler</STRONG> (Thumb, 2 bytes, Stack size 0 bytes, startup_ctboard.o(.text))
<BR><BR>[Calls]<UL><LI><a href="#[3]">&gt;&gt;</a>&nbsp;&nbsp;&nbsp;HardFault_Handler
</UL>
<BR>[Called By]<UL><LI><a href="#[3]">&gt;&gt;</a>&nbsp;&nbsp;&nbsp;HardFault_Handler
</UL>
<BR>[Address Reference Count : 1]<UL><LI> startup_ctboard.o(RESET)
</UL>
<P><STRONG><a name="[4]"></a>MemManage_Handler</STRONG> (Thumb, 2 bytes, Stack size 0 bytes, startup_ctboard.o(.text))
<BR><BR>[Calls]<UL><LI><a href="#[4]">&gt;&gt;</a>&nbsp;&nbsp;&nbsp;MemManage_Handler
</UL>
<BR>[Called By]<UL><LI><a href="#[4]">&gt;&gt;</a>&nbsp;&nbsp;&nbsp;MemManage_Handler
</UL>
<BR>[Address Reference Count : 1]<UL><LI> startup_ctboard.o(RESET)
</UL>
<P><STRONG><a name="[5]"></a>BusFault_Handler</STRONG> (Thumb, 2 bytes, Stack size 0 bytes, startup_ctboard.o(.text))
<BR><BR>[Calls]<UL><LI><a href="#[5]">&gt;&gt;</a>&nbsp;&nbsp;&nbsp;BusFault_Handler
</UL>
<BR>[Called By]<UL><LI><a href="#[5]">&gt;&gt;</a>&nbsp;&nbsp;&nbsp;BusFault_Handler
</UL>
<BR>[Address Reference Count : 1]<UL><LI> startup_ctboard.o(RESET)
</UL>
<P><STRONG><a name="[6]"></a>UsageFault_Handler</STRONG> (Thumb, 2 bytes, Stack size 0 bytes, startup_ctboard.o(.text))
<BR><BR>[Calls]<UL><LI><a href="#[6]">&gt;&gt;</a>&nbsp;&nbsp;&nbsp;UsageFault_Handler
</UL>
<BR>[Called By]<UL><LI><a href="#[6]">&gt;&gt;</a>&nbsp;&nbsp;&nbsp;UsageFault_Handler
</UL>
<BR>[Address Reference Count : 1]<UL><LI> startup_ctboard.o(RESET)
</UL>
<P><STRONG><a name="[7]"></a>SVC_Handler</STRONG> (Thumb, 2 bytes, Stack size 0 bytes, startup_ctboard.o(.text))
<BR><BR>[Calls]<UL><LI><a href="#[7]">&gt;&gt;</a>&nbsp;&nbsp;&nbsp;SVC_Handler
</UL>
<BR>[Called By]<UL><LI><a href="#[7]">&gt;&gt;</a>&nbsp;&nbsp;&nbsp;SVC_Handler
</UL>
<BR>[Address Reference Count : 1]<UL><LI> startup_ctboard.o(RESET)
</UL>
<P><STRONG><a name="[8]"></a>DebugMon_Handler</STRONG> (Thumb, 2 bytes, Stack size 0 bytes, startup_ctboard.o(.text))
<BR><BR>[Calls]<UL><LI><a href="#[8]">&gt;&gt;</a>&nbsp;&nbsp;&nbsp;DebugMon_Handler
</UL>
<BR>[Called By]<UL><LI><a href="#[8]">&gt;&gt;</a>&nbsp;&nbsp;&nbsp;DebugMon_Handler
</UL>
<BR>[Address Reference Count : 1]<UL><LI> startup_ctboard.o(RESET)
</UL>
<P><STRONG><a name="[9]"></a>PendSV_Handler</STRONG> (Thumb, 2 bytes, Stack size 0 bytes, startup_ctboard.o(.text))
<BR><BR>[Calls]<UL><LI><a href="#[9]">&gt;&gt;</a>&nbsp;&nbsp;&nbsp;PendSV_Handler
</UL>
<BR>[Called By]<UL><LI><a href="#[9]">&gt;&gt;</a>&nbsp;&nbsp;&nbsp;PendSV_Handler
</UL>
<BR>[Address Reference Count : 1]<UL><LI> startup_ctboard.o(RESET)
</UL>
<P><STRONG><a name="[a]"></a>SysTick_Handler</STRONG> (Thumb, 2 bytes, Stack size 0 bytes, startup_ctboard.o(.text))
<BR><BR>[Calls]<UL><LI><a href="#[a]">&gt;&gt;</a>&nbsp;&nbsp;&nbsp;SysTick_Handler
</UL>
<BR>[Called By]<UL><LI><a href="#[a]">&gt;&gt;</a>&nbsp;&nbsp;&nbsp;SysTick_Handler
</UL>
<BR>[Address Reference Count : 1]<UL><LI> startup_ctboard.o(RESET)
</UL>
<P><STRONG><a name="[1d]"></a>ADC_IRQHandler</STRONG> (Thumb, 0 bytes, Stack size 0 bytes, startup_ctboard.o(.text))
<BR><BR>[Calls]<UL><LI><a href="#[1d]">&gt;&gt;</a>&nbsp;&nbsp;&nbsp;ADC_IRQHandler
</UL>
<BR>[Called By]<UL><LI><a href="#[1d]">&gt;&gt;</a>&nbsp;&nbsp;&nbsp;ADC_IRQHandler
</UL>
<BR>[Address Reference Count : 1]<UL><LI> startup_ctboard.o(RESET)
</UL>
<P><STRONG><a name="[1f]"></a>CAN1_RX0_IRQHandler</STRONG> (Thumb, 0 bytes, Stack size 0 bytes, startup_ctboard.o(.text))
<BR>[Address Reference Count : 1]<UL><LI> startup_ctboard.o(RESET)
</UL>
<P><STRONG><a name="[20]"></a>CAN1_RX1_IRQHandler</STRONG> (Thumb, 0 bytes, Stack size 0 bytes, startup_ctboard.o(.text))
<BR>[Address Reference Count : 1]<UL><LI> startup_ctboard.o(RESET)
</UL>
<P><STRONG><a name="[21]"></a>CAN1_SCE_IRQHandler</STRONG> (Thumb, 0 bytes, Stack size 0 bytes, startup_ctboard.o(.text))
<BR>[Address Reference Count : 1]<UL><LI> startup_ctboard.o(RESET)
</UL>
<P><STRONG><a name="[1e]"></a>CAN1_TX_IRQHandler</STRONG> (Thumb, 0 bytes, Stack size 0 bytes, startup_ctboard.o(.text))
<BR>[Address Reference Count : 1]<UL><LI> startup_ctboard.o(RESET)
</UL>
<P><STRONG><a name="[4b]"></a>CAN2_RX0_IRQHandler</STRONG> (Thumb, 0 bytes, Stack size 0 bytes, startup_ctboard.o(.text))
<BR>[Address Reference Count : 1]<UL><LI> startup_ctboard.o(RESET)
</UL>
<P><STRONG><a name="[4c]"></a>CAN2_RX1_IRQHandler</STRONG> (Thumb, 0 bytes, Stack size 0 bytes, startup_ctboard.o(.text))
<BR>[Address Reference Count : 1]<UL><LI> startup_ctboard.o(RESET)
</UL>
<P><STRONG><a name="[4d]"></a>CAN2_SCE_IRQHandler</STRONG> (Thumb, 0 bytes, Stack size 0 bytes, startup_ctboard.o(.text))
<BR>[Address Reference Count : 1]<UL><LI> startup_ctboard.o(RESET)
</UL>
<P><STRONG><a name="[4a]"></a>CAN2_TX_IRQHandler</STRONG> (Thumb, 0 bytes, Stack size 0 bytes, startup_ctboard.o(.text))
<BR>[Address Reference Count : 1]<UL><LI> startup_ctboard.o(RESET)
</UL>
<P><STRONG><a name="[5a]"></a>CRYP_IRQHandler</STRONG> (Thumb, 0 bytes, Stack size 0 bytes, startup_ctboard.o(.text))
<BR>[Address Reference Count : 1]<UL><LI> startup_ctboard.o(RESET)
</UL>
<P><STRONG><a name="[59]"></a>DCMI_IRQHandler</STRONG> (Thumb, 0 bytes, Stack size 0 bytes, startup_ctboard.o(.text))
<BR>[Address Reference Count : 1]<UL><LI> startup_ctboard.o(RESET)
</UL>
<P><STRONG><a name="[16]"></a>DMA1_Stream0_IRQHandler</STRONG> (Thumb, 0 bytes, Stack size 0 bytes, startup_ctboard.o(.text))
<BR>[Address Reference Count : 1]<UL><LI> startup_ctboard.o(RESET)
</UL>
<P><STRONG><a name="[17]"></a>DMA1_Stream1_IRQHandler</STRONG> (Thumb, 0 bytes, Stack size 0 bytes, startup_ctboard.o(.text))
<BR>[Address Reference Count : 1]<UL><LI> startup_ctboard.o(RESET)
</UL>
<P><STRONG><a name="[18]"></a>DMA1_Stream2_IRQHandler</STRONG> (Thumb, 0 bytes, Stack size 0 bytes, startup_ctboard.o(.text))
<BR>[Address Reference Count : 1]<UL><LI> startup_ctboard.o(RESET)
</UL>
<P><STRONG><a name="[19]"></a>DMA1_Stream3_IRQHandler</STRONG> (Thumb, 0 bytes, Stack size 0 bytes, startup_ctboard.o(.text))
<BR>[Address Reference Count : 1]<UL><LI> startup_ctboard.o(RESET)
</UL>
<P><STRONG><a name="[1a]"></a>DMA1_Stream4_IRQHandler</STRONG> (Thumb, 0 bytes, Stack size 0 bytes, startup_ctboard.o(.text))
<BR>[Address Reference Count : 1]<UL><LI> startup_ctboard.o(RESET)
</UL>
<P><STRONG><a name="[1b]"></a>DMA1_Stream5_IRQHandler</STRONG> (Thumb, 0 bytes, Stack size 0 bytes, startup_ctboard.o(.text))
<BR>[Address Reference Count : 1]<UL><LI> startup_ctboard.o(RESET)
</UL>
<P><STRONG><a name="[1c]"></a>DMA1_Stream6_IRQHandler</STRONG> (Thumb, 0 bytes, Stack size 0 bytes, startup_ctboard.o(.text))
<BR>[Address Reference Count : 1]<UL><LI> startup_ctboard.o(RESET)
</UL>
<P><STRONG><a name="[3a]"></a>DMA1_Stream7_IRQHandler</STRONG> (Thumb, 0 bytes, Stack size 0 bytes, startup_ctboard.o(.text))
<BR>[Address Reference Count : 1]<UL><LI> startup_ctboard.o(RESET)
</UL>
<P><STRONG><a name="[65]"></a>DMA2D_IRQHandler</STRONG> (Thumb, 0 bytes, Stack size 0 bytes, startup_ctboard.o(.text))
<BR>[Address Reference Count : 1]<UL><LI> startup_ctboard.o(RESET)
</UL>
<P><STRONG><a name="[44]"></a>DMA2_Stream1_IRQHandler</STRONG> (Thumb, 0 bytes, Stack size 0 bytes, startup_ctboard.o(.text))
<BR>[Address Reference Count : 1]<UL><LI> startup_ctboard.o(RESET)
</UL>
<P><STRONG><a name="[45]"></a>DMA2_Stream2_IRQHandler</STRONG> (Thumb, 0 bytes, Stack size 0 bytes, startup_ctboard.o(.text))
<BR>[Address Reference Count : 1]<UL><LI> startup_ctboard.o(RESET)
</UL>
<P><STRONG><a name="[46]"></a>DMA2_Stream3_IRQHandler</STRONG> (Thumb, 0 bytes, Stack size 0 bytes, startup_ctboard.o(.text))
<BR>[Address Reference Count : 1]<UL><LI> startup_ctboard.o(RESET)
</UL>
<P><STRONG><a name="[47]"></a>DMA2_Stream4_IRQHandler</STRONG> (Thumb, 0 bytes, Stack size 0 bytes, startup_ctboard.o(.text))
<BR>[Address Reference Count : 1]<UL><LI> startup_ctboard.o(RESET)
</UL>
<P><STRONG><a name="[4f]"></a>DMA2_Stream5_IRQHandler</STRONG> (Thumb, 0 bytes, Stack size 0 bytes, startup_ctboard.o(.text))
<BR>[Address Reference Count : 1]<UL><LI> startup_ctboard.o(RESET)
</UL>
<P><STRONG><a name="[50]"></a>DMA2_Stream6_IRQHandler</STRONG> (Thumb, 0 bytes, Stack size 0 bytes, startup_ctboard.o(.text))
<BR>[Address Reference Count : 1]<UL><LI> startup_ctboard.o(RESET)
</UL>
<P><STRONG><a name="[51]"></a>DMA2_Stream7_IRQHandler</STRONG> (Thumb, 0 bytes, Stack size 0 bytes, startup_ctboard.o(.text))
<BR>[Address Reference Count : 1]<UL><LI> startup_ctboard.o(RESET)
</UL>
<P><STRONG><a name="[48]"></a>ETH_IRQHandler</STRONG> (Thumb, 0 bytes, Stack size 0 bytes, startup_ctboard.o(.text))
<BR>[Address Reference Count : 1]<UL><LI> startup_ctboard.o(RESET)
</UL>
<P><STRONG><a name="[49]"></a>ETH_WKUP_IRQHandler</STRONG> (Thumb, 0 bytes, Stack size 0 bytes, startup_ctboard.o(.text))
<BR>[Address Reference Count : 1]<UL><LI> startup_ctboard.o(RESET)
</UL>
<P><STRONG><a name="[11]"></a>EXTI0_IRQHandler</STRONG> (Thumb, 0 bytes, Stack size 0 bytes, startup_ctboard.o(.text))
<BR>[Address Reference Count : 1]<UL><LI> startup_ctboard.o(RESET)
</UL>
<P><STRONG><a name="[33]"></a>EXTI15_10_IRQHandler</STRONG> (Thumb, 0 bytes, Stack size 0 bytes, startup_ctboard.o(.text))
<BR>[Address Reference Count : 1]<UL><LI> startup_ctboard.o(RESET)
</UL>
<P><STRONG><a name="[12]"></a>EXTI1_IRQHandler</STRONG> (Thumb, 0 bytes, Stack size 0 bytes, startup_ctboard.o(.text))
<BR>[Address Reference Count : 1]<UL><LI> startup_ctboard.o(RESET)
</UL>
<P><STRONG><a name="[13]"></a>EXTI2_IRQHandler</STRONG> (Thumb, 0 bytes, Stack size 0 bytes, startup_ctboard.o(.text))
<BR>[Address Reference Count : 1]<UL><LI> startup_ctboard.o(RESET)
</UL>
<P><STRONG><a name="[14]"></a>EXTI3_IRQHandler</STRONG> (Thumb, 0 bytes, Stack size 0 bytes, startup_ctboard.o(.text))
<BR>[Address Reference Count : 1]<UL><LI> startup_ctboard.o(RESET)
</UL>
<P><STRONG><a name="[15]"></a>EXTI4_IRQHandler</STRONG> (Thumb, 0 bytes, Stack size 0 bytes, startup_ctboard.o(.text))
<BR>[Address Reference Count : 1]<UL><LI> startup_ctboard.o(RESET)
</UL>
<P><STRONG><a name="[f]"></a>FLASH_IRQHandler</STRONG> (Thumb, 0 bytes, Stack size 0 bytes, startup_ctboard.o(.text))
<BR>[Address Reference Count : 1]<UL><LI> startup_ctboard.o(RESET)
</UL>
<P><STRONG><a name="[3b]"></a>FMC_IRQHandler</STRONG> (Thumb, 0 bytes, Stack size 0 bytes, startup_ctboard.o(.text))
<BR>[Address Reference Count : 1]<UL><LI> startup_ctboard.o(RESET)
</UL>
<P><STRONG><a name="[5c]"></a>FPU_IRQHandler</STRONG> (Thumb, 0 bytes, Stack size 0 bytes, startup_ctboard.o(.text))
<BR>[Address Reference Count : 1]<UL><LI> startup_ctboard.o(RESET)
</UL>
<P><STRONG><a name="[5b]"></a>HASH_RNG_IRQHandler</STRONG> (Thumb, 0 bytes, Stack size 0 bytes, startup_ctboard.o(.text))
<BR>[Address Reference Count : 1]<UL><LI> startup_ctboard.o(RESET)
</UL>
<P><STRONG><a name="[2b]"></a>I2C1_ER_IRQHandler</STRONG> (Thumb, 0 bytes, Stack size 0 bytes, startup_ctboard.o(.text))
<BR>[Address Reference Count : 1]<UL><LI> startup_ctboard.o(RESET)
</UL>
<P><STRONG><a name="[2a]"></a>I2C1_EV_IRQHandler</STRONG> (Thumb, 0 bytes, Stack size 0 bytes, startup_ctboard.o(.text))
<BR>[Address Reference Count : 1]<UL><LI> startup_ctboard.o(RESET)
</UL>
<P><STRONG><a name="[2d]"></a>I2C2_ER_IRQHandler</STRONG> (Thumb, 0 bytes, Stack size 0 bytes, startup_ctboard.o(.text))
<BR>[Address Reference Count : 1]<UL><LI> startup_ctboard.o(RESET)
</UL>
<P><STRONG><a name="[2c]"></a>I2C2_EV_IRQHandler</STRONG> (Thumb, 0 bytes, Stack size 0 bytes, startup_ctboard.o(.text))
<BR>[Address Reference Count : 1]<UL><LI> startup_ctboard.o(RESET)
</UL>
<P><STRONG><a name="[54]"></a>I2C3_ER_IRQHandler</STRONG> (Thumb, 0 bytes, Stack size 0 bytes, startup_ctboard.o(.text))
<BR>[Address Reference Count : 1]<UL><LI> startup_ctboard.o(RESET)
</UL>
<P><STRONG><a name="[53]"></a>I2C3_EV_IRQHandler</STRONG> (Thumb, 0 bytes, Stack size 0 bytes, startup_ctboard.o(.text))
<BR>[Address Reference Count : 1]<UL><LI> startup_ctboard.o(RESET)
</UL>
<P><STRONG><a name="[64]"></a>LTDC_ER_IRQHandler</STRONG> (Thumb, 0 bytes, Stack size 0 bytes, startup_ctboard.o(.text))
<BR>[Address Reference Count : 1]<UL><LI> startup_ctboard.o(RESET)
</UL>
<P><STRONG><a name="[63]"></a>LTDC_IRQHandler</STRONG> (Thumb, 0 bytes, Stack size 0 bytes, startup_ctboard.o(.text))
<BR>[Address Reference Count : 1]<UL><LI> startup_ctboard.o(RESET)
</UL>
<P><STRONG><a name="[4e]"></a>OTG_FS_IRQHandler</STRONG> (Thumb, 0 bytes, Stack size 0 bytes, startup_ctboard.o(.text))
<BR>[Address Reference Count : 1]<UL><LI> startup_ctboard.o(RESET)
</UL>
<P><STRONG><a name="[35]"></a>OTG_FS_WKUP_IRQHandler</STRONG> (Thumb, 0 bytes, Stack size 0 bytes, startup_ctboard.o(.text))
<BR>[Address Reference Count : 1]<UL><LI> startup_ctboard.o(RESET)
</UL>
<P><STRONG><a name="[56]"></a>OTG_HS_EP1_IN_IRQHandler</STRONG> (Thumb, 0 bytes, Stack size 0 bytes, startup_ctboard.o(.text))
<BR>[Address Reference Count : 1]<UL><LI> startup_ctboard.o(RESET)
</UL>
<P><STRONG><a name="[55]"></a>OTG_HS_EP1_OUT_IRQHandler</STRONG> (Thumb, 0 bytes, Stack size 0 bytes, startup_ctboard.o(.text))
<BR>[Address Reference Count : 1]<UL><LI> startup_ctboard.o(RESET)
</UL>
<P><STRONG><a name="[58]"></a>OTG_HS_IRQHandler</STRONG> (Thumb, 0 bytes, Stack size 0 bytes, startup_ctboard.o(.text))
<BR>[Address Reference Count : 1]<UL><LI> startup_ctboard.o(RESET)
</UL>
<P><STRONG><a name="[57]"></a>OTG_HS_WKUP_IRQHandler</STRONG> (Thumb, 0 bytes, Stack size 0 bytes, startup_ctboard.o(.text))
<BR>[Address Reference Count : 1]<UL><LI> startup_ctboard.o(RESET)
</UL>
<P><STRONG><a name="[c]"></a>PVD_IRQHandler</STRONG> (Thumb, 0 bytes, Stack size 0 bytes, startup_ctboard.o(.text))
<BR>[Address Reference Count : 1]<UL><LI> startup_ctboard.o(RESET)
</UL>
<P><STRONG><a name="[10]"></a>RCC_IRQHandler</STRONG> (Thumb, 0 bytes, Stack size 0 bytes, startup_ctboard.o(.text))
<BR>[Address Reference Count : 1]<UL><LI> startup_ctboard.o(RESET)
</UL>
<P><STRONG><a name="[34]"></a>RTC_Alarm_IRQHandler</STRONG> (Thumb, 0 bytes, Stack size 0 bytes, startup_ctboard.o(.text))
<BR>[Address Reference Count : 1]<UL><LI> startup_ctboard.o(RESET)
</UL>
<P><STRONG><a name="[e]"></a>RTC_WKUP_IRQHandler</STRONG> (Thumb, 0 bytes, Stack size 0 bytes, startup_ctboard.o(.text))
<BR>[Address Reference Count : 1]<UL><LI> startup_ctboard.o(RESET)
</UL>
<P><STRONG><a name="[62]"></a>SAI1_IRQHandler</STRONG> (Thumb, 0 bytes, Stack size 0 bytes, startup_ctboard.o(.text))
<BR>[Address Reference Count : 1]<UL><LI> startup_ctboard.o(RESET)
</UL>
<P><STRONG><a name="[3c]"></a>SDIO_IRQHandler</STRONG> (Thumb, 0 bytes, Stack size 0 bytes, startup_ctboard.o(.text))
<BR>[Address Reference Count : 1]<UL><LI> startup_ctboard.o(RESET)
</UL>
<P><STRONG><a name="[2e]"></a>SPI1_IRQHandler</STRONG> (Thumb, 0 bytes, Stack size 0 bytes, startup_ctboard.o(.text))
<BR>[Address Reference Count : 1]<UL><LI> startup_ctboard.o(RESET)
</UL>
<P><STRONG><a name="[2f]"></a>SPI2_IRQHandler</STRONG> (Thumb, 0 bytes, Stack size 0 bytes, startup_ctboard.o(.text))
<BR>[Address Reference Count : 1]<UL><LI> startup_ctboard.o(RESET)
</UL>
<P><STRONG><a name="[3e]"></a>SPI3_IRQHandler</STRONG> (Thumb, 0 bytes, Stack size 0 bytes, startup_ctboard.o(.text))
<BR>[Address Reference Count : 1]<UL><LI> startup_ctboard.o(RESET)
</UL>
<P><STRONG><a name="[5f]"></a>SPI4_IRQHandler</STRONG> (Thumb, 0 bytes, Stack size 0 bytes, startup_ctboard.o(.text))
<BR>[Address Reference Count : 1]<UL><LI> startup_ctboard.o(RESET)
</UL>
<P><STRONG><a name="[60]"></a>SPI5_IRQHandler</STRONG> (Thumb, 0 bytes, Stack size 0 bytes, startup_ctboard.o(.text))
<BR>[Address Reference Count : 1]<UL><LI> startup_ctboard.o(RESET)
</UL>
<P><STRONG><a name="[61]"></a>SPI6_IRQHandler</STRONG> (Thumb, 0 bytes, Stack size 0 bytes, startup_ctboard.o(.text))
<BR>[Address Reference Count : 1]<UL><LI> startup_ctboard.o(RESET)
</UL>
<P><STRONG><a name="[d]"></a>TAMP_STAMP_IRQHandler</STRONG> (Thumb, 0 bytes, Stack size 0 bytes, startup_ctboard.o(.text))
<BR>[Address Reference Count : 1]<UL><LI> startup_ctboard.o(RESET)
</UL>
<P><STRONG><a name="[23]"></a>TIM1_BRK_TIM9_IRQHandler</STRONG> (Thumb, 0 bytes, Stack size 0 bytes, startup_ctboard.o(.text))
<BR>[Address Reference Count : 1]<UL><LI> startup_ctboard.o(RESET)
</UL>
<P><STRONG><a name="[26]"></a>TIM1_CC_IRQHandler</STRONG> (Thumb, 0 bytes, Stack size 0 bytes, startup_ctboard.o(.text))
<BR>[Address Reference Count : 1]<UL><LI> startup_ctboard.o(RESET)
</UL>
<P><STRONG><a name="[25]"></a>TIM1_TRG_COM_TIM11_IRQHandler</STRONG> (Thumb, 0 bytes, Stack size 0 bytes, startup_ctboard.o(.text))
<BR>[Address Reference Count : 1]<UL><LI> startup_ctboard.o(RESET)
</UL>
<P><STRONG><a name="[24]"></a>TIM1_UP_TIM10_IRQHandler</STRONG> (Thumb, 0 bytes, Stack size 0 bytes, startup_ctboard.o(.text))
<BR>[Address Reference Count : 1]<UL><LI> startup_ctboard.o(RESET)
</UL>
<P><STRONG><a name="[27]"></a>TIM2_IRQHandler</STRONG> (Thumb, 0 bytes, Stack size 0 bytes, startup_ctboard.o(.text))
<BR>[Address Reference Count : 1]<UL><LI> startup_ctboard.o(RESET)
</UL>
<P><STRONG><a name="[28]"></a>TIM3_IRQHandler</STRONG> (Thumb, 0 bytes, Stack size 0 bytes, startup_ctboard.o(.text))
<BR>[Address Reference Count : 1]<UL><LI> startup_ctboard.o(RESET)
</UL>
<P><STRONG><a name="[29]"></a>TIM4_IRQHandler</STRONG> (Thumb, 0 bytes, Stack size 0 bytes, startup_ctboard.o(.text))
<BR>[Address Reference Count : 1]<UL><LI> startup_ctboard.o(RESET)
</UL>
<P><STRONG><a name="[3d]"></a>TIM5_IRQHandler</STRONG> (Thumb, 0 bytes, Stack size 0 bytes, startup_ctboard.o(.text))
<BR>[Address Reference Count : 1]<UL><LI> startup_ctboard.o(RESET)
</UL>
<P><STRONG><a name="[41]"></a>TIM6_DAC_IRQHandler</STRONG> (Thumb, 0 bytes, Stack size 0 bytes, startup_ctboard.o(.text))
<BR>[Address Reference Count : 1]<UL><LI> startup_ctboard.o(RESET)
</UL>
<P><STRONG><a name="[42]"></a>TIM7_IRQHandler</STRONG> (Thumb, 0 bytes, Stack size 0 bytes, startup_ctboard.o(.text))
<BR>[Address Reference Count : 1]<UL><LI> startup_ctboard.o(RESET)
</UL>
<P><STRONG><a name="[36]"></a>TIM8_BRK_TIM12_IRQHandler</STRONG> (Thumb, 0 bytes, Stack size 0 bytes, startup_ctboard.o(.text))
<BR>[Address Reference Count : 1]<UL><LI> startup_ctboard.o(RESET)
</UL>
<P><STRONG><a name="[39]"></a>TIM8_CC_IRQHandler</STRONG> (Thumb, 0 bytes, Stack size 0 bytes, startup_ctboard.o(.text))
<BR>[Address Reference Count : 1]<UL><LI> startup_ctboard.o(RESET)
</UL>
<P><STRONG><a name="[38]"></a>TIM8_TRG_COM_TIM14_IRQHandler</STRONG> (Thumb, 0 bytes, Stack size 0 bytes, startup_ctboard.o(.text))
<BR>[Address Reference Count : 1]<UL><LI> startup_ctboard.o(RESET)
</UL>
<P><STRONG><a name="[37]"></a>TIM8_UP_TIM13_IRQHandler</STRONG> (Thumb, 0 bytes, Stack size 0 bytes, startup_ctboard.o(.text))
<BR>[Address Reference Count : 1]<UL><LI> startup_ctboard.o(RESET)
</UL>
<P><STRONG><a name="[3f]"></a>UART4_IRQHandler</STRONG> (Thumb, 0 bytes, Stack size 0 bytes, startup_ctboard.o(.text))
<BR>[Address Reference Count : 1]<UL><LI> startup_ctboard.o(RESET)
</UL>
<P><STRONG><a name="[40]"></a>UART5_IRQHandler</STRONG> (Thumb, 0 bytes, Stack size 0 bytes, startup_ctboard.o(.text))
<BR>[Address Reference Count : 1]<UL><LI> startup_ctboard.o(RESET)
</UL>
<P><STRONG><a name="[5d]"></a>UART7_IRQHandler</STRONG> (Thumb, 0 bytes, Stack size 0 bytes, startup_ctboard.o(.text))
<BR>[Address Reference Count : 1]<UL><LI> startup_ctboard.o(RESET)
</UL>
<P><STRONG><a name="[5e]"></a>UART8_IRQHandler</STRONG> (Thumb, 0 bytes, Stack size 0 bytes, startup_ctboard.o(.text))
<BR>[Address Reference Count : 1]<UL><LI> startup_ctboard.o(RESET)
</UL>
<P><STRONG><a name="[30]"></a>USART1_IRQHandler</STRONG> (Thumb, 0 bytes, Stack size 0 bytes, startup_ctboard.o(.text))
<BR>[Address Reference Count : 1]<UL><LI> startup_ctboard.o(RESET)
</UL>
<P><STRONG><a name="[31]"></a>USART2_IRQHandler</STRONG> (Thumb, 0 bytes, Stack size 0 bytes, startup_ctboard.o(.text))
<BR>[Address Reference Count : 1]<UL><LI> startup_ctboard.o(RESET)
</UL>
<P><STRONG><a name="[32]"></a>USART3_IRQHandler</STRONG> (Thumb, 0 bytes, Stack size 0 bytes, startup_ctboard.o(.text))
<BR>[Address Reference Count : 1]<UL><LI> startup_ctboard.o(RESET)
</UL>
<P><STRONG><a name="[52]"></a>USART6_IRQHandler</STRONG> (Thumb, 0 bytes, Stack size 0 bytes, startup_ctboard.o(.text))
<BR>[Address Reference Count : 1]<UL><LI> startup_ctboard.o(RESET)
</UL>
<P><STRONG><a name="[b]"></a>WWDG_IRQHandler</STRONG> (Thumb, 0 bytes, Stack size 0 bytes, startup_ctboard.o(.text))
<BR>[Address Reference Count : 1]<UL><LI> startup_ctboard.o(RESET)
</UL>
<P><STRONG><a name="[9b]"></a>__aeabi_uidiv</STRONG> (Thumb, 0 bytes, Stack size 0 bytes, aeabi_sdiv.o(.text), UNUSED)

<P><STRONG><a name="[74]"></a>__aeabi_uidivmod</STRONG> (Thumb, 20 bytes, Stack size 0 bytes, aeabi_sdiv.o(.text))
<BR><BR>[Called By]<UL><LI><a href="#[73]">&gt;&gt;</a>&nbsp;&nbsp;&nbsp;binary_to_bcd_char_array
</UL>

<P><STRONG><a name="[9c]"></a>__aeabi_idiv</STRONG> (Thumb, 0 bytes, Stack size 8 bytes, aeabi_sdiv.o(.text), UNUSED)

<P><STRONG><a name="[72]"></a>__aeabi_idivmod</STRONG> (Thumb, 326 bytes, Stack size 8 bytes, aeabi_sdiv.o(.text))
<BR><BR>[Stack]<UL><LI>Max Depth = 8<LI>Call Chain = __aeabi_idivmod
</UL>
<BR>[Called By]<UL><LI><a href="#[76]">&gt;&gt;</a>&nbsp;&nbsp;&nbsp;create_pattern_mask
<LI><a href="#[6f]">&gt;&gt;</a>&nbsp;&nbsp;&nbsp;accelerometer_read_acceleration
<LI><a href="#[75]">&gt;&gt;</a>&nbsp;&nbsp;&nbsp;calculate_acc_average
</UL>

<P><STRONG><a name="[43]"></a>DMA2_Stream0_IRQHandler</STRONG> (Thumb, 36 bytes, Stack size 8 bytes, hal_acc.o(i.DMA2_Stream0_IRQHandler))
<BR><BR>[Stack]<UL><LI>Max Depth = 8<LI>Call Chain = DMA2_Stream0_IRQHandler
</UL>
<BR>[Calls]<UL><LI><a href="#[6a]">&gt;&gt;</a>&nbsp;&nbsp;&nbsp;clear_spi_read_write_request
</UL>
<BR>[Address Reference Count : 1]<UL><LI> startup_ctboard.o(RESET)
</UL>
<P><STRONG><a name="[22]"></a>EXTI9_5_IRQHandler</STRONG> (Thumb, 22 bytes, Stack size 0 bytes, main.o(i.EXTI9_5_IRQHandler))
<BR>[Address Reference Count : 1]<UL><LI> startup_ctboard.o(RESET)
</UL>
<P><STRONG><a name="[67]"></a>__system</STRONG> (Thumb, 8 bytes, Stack size 8 bytes, system_ctboard.o(i.__system))
<BR><BR>[Stack]<UL><LI>Max Depth = 152<LI>Call Chain = __system &rArr; system_enter_run &rArr; init_FMC_SRAM &rArr; hal_gpio_init_alternate &rArr; hal_gpio_init_output &rArr; create_pattern_mask &rArr; __aeabi_idivmod
</UL>
<BR>[Calls]<UL><LI><a href="#[6b]">&gt;&gt;</a>&nbsp;&nbsp;&nbsp;system_enter_run
</UL>
<BR>[Address Reference Count : 1]<UL><LI> startup_ctboard.o(.text)
</UL>
<P><STRONG><a name="[6c]"></a>accelerometer_init</STRONG> (Thumb, 38 bytes, Stack size 8 bytes, accelerometer.o(i.accelerometer_init))
<BR><BR>[Stack]<UL><LI>Max Depth = 112<LI>Call Chain = accelerometer_init &rArr; hal_acc_init &rArr; init_gpio &rArr; hal_gpio_init_input &rArr; create_pattern_mask &rArr; __aeabi_idivmod
</UL>
<BR>[Calls]<UL><LI><a href="#[6d]">&gt;&gt;</a>&nbsp;&nbsp;&nbsp;hal_acc_init
<LI><a href="#[6e]">&gt;&gt;</a>&nbsp;&nbsp;&nbsp;write_reg
</UL>
<BR>[Called By]<UL><LI><a href="#[66]">&gt;&gt;</a>&nbsp;&nbsp;&nbsp;main
</UL>

<P><STRONG><a name="[6f]"></a>accelerometer_read_acceleration</STRONG> (Thumb, 170 bytes, Stack size 32 bytes, accelerometer.o(i.accelerometer_read_acceleration))
<BR><BR>[Stack]<UL><LI>Max Depth = 88<LI>Call Chain = accelerometer_read_acceleration &rArr; hal_acc_spi_read_write &rArr; hal_spi_read_write_bytes
</UL>
<BR>[Calls]<UL><LI><a href="#[71]">&gt;&gt;</a>&nbsp;&nbsp;&nbsp;hal_acc_spi_read_write_dma
<LI><a href="#[70]">&gt;&gt;</a>&nbsp;&nbsp;&nbsp;hal_acc_spi_read_write
<LI><a href="#[72]">&gt;&gt;</a>&nbsp;&nbsp;&nbsp;__aeabi_idivmod
</UL>
<BR>[Called By]<UL><LI><a href="#[66]">&gt;&gt;</a>&nbsp;&nbsp;&nbsp;main
</UL>

<P><STRONG><a name="[6a]"></a>clear_spi_read_write_request</STRONG> (Thumb, 18 bytes, Stack size 0 bytes, hal_spi.o(i.clear_spi_read_write_request))
<BR><BR>[Called By]<UL><LI><a href="#[43]">&gt;&gt;</a>&nbsp;&nbsp;&nbsp;DMA2_Stream0_IRQHandler
</UL>

<P><STRONG><a name="[6d]"></a>hal_acc_init</STRONG> (Thumb, 36 bytes, Stack size 16 bytes, hal_acc.o(i.hal_acc_init))
<BR><BR>[Stack]<UL><LI>Max Depth = 104<LI>Call Chain = hal_acc_init &rArr; init_gpio &rArr; hal_gpio_init_input &rArr; create_pattern_mask &rArr; __aeabi_idivmod
</UL>
<BR>[Calls]<UL><LI><a href="#[7b]">&gt;&gt;</a>&nbsp;&nbsp;&nbsp;set_all_led_high
<LI><a href="#[79]">&gt;&gt;</a>&nbsp;&nbsp;&nbsp;init_spi
<LI><a href="#[77]">&gt;&gt;</a>&nbsp;&nbsp;&nbsp;init_rcc
<LI><a href="#[78]">&gt;&gt;</a>&nbsp;&nbsp;&nbsp;init_gpio
<LI><a href="#[7a]">&gt;&gt;</a>&nbsp;&nbsp;&nbsp;init_dma
</UL>
<BR>[Called By]<UL><LI><a href="#[6c]">&gt;&gt;</a>&nbsp;&nbsp;&nbsp;accelerometer_init
</UL>

<P><STRONG><a name="[70]"></a>hal_acc_spi_read_write</STRONG> (Thumb, 30 bytes, Stack size 16 bytes, hal_acc.o(i.hal_acc_spi_read_write))
<BR><BR>[Stack]<UL><LI>Max Depth = 56<LI>Call Chain = hal_acc_spi_read_write &rArr; hal_spi_read_write_bytes
</UL>
<BR>[Calls]<UL><LI><a href="#[7c]">&gt;&gt;</a>&nbsp;&nbsp;&nbsp;set_ss_pin_low
<LI><a href="#[7e]">&gt;&gt;</a>&nbsp;&nbsp;&nbsp;set_ss_pin_high
<LI><a href="#[7d]">&gt;&gt;</a>&nbsp;&nbsp;&nbsp;hal_spi_read_write_bytes
</UL>
<BR>[Called By]<UL><LI><a href="#[6e]">&gt;&gt;</a>&nbsp;&nbsp;&nbsp;write_reg
<LI><a href="#[6f]">&gt;&gt;</a>&nbsp;&nbsp;&nbsp;accelerometer_read_acceleration
</UL>

<P><STRONG><a name="[71]"></a>hal_acc_spi_read_write_dma</STRONG> (Thumb, 124 bytes, Stack size 8 bytes, hal_acc.o(i.hal_acc_spi_read_write_dma))
<BR><BR>[Stack]<UL><LI>Max Depth = 16<LI>Call Chain = hal_acc_spi_read_write_dma &rArr; hal_dma_stop
</UL>
<BR>[Calls]<UL><LI><a href="#[82]">&gt;&gt;</a>&nbsp;&nbsp;&nbsp;hal_dma_stop
<LI><a href="#[7f]">&gt;&gt;</a>&nbsp;&nbsp;&nbsp;hal_dma_start
<LI><a href="#[81]">&gt;&gt;</a>&nbsp;&nbsp;&nbsp;wait_5_us
<LI><a href="#[7c]">&gt;&gt;</a>&nbsp;&nbsp;&nbsp;set_ss_pin_low
<LI><a href="#[7e]">&gt;&gt;</a>&nbsp;&nbsp;&nbsp;set_ss_pin_high
<LI><a href="#[80]">&gt;&gt;</a>&nbsp;&nbsp;&nbsp;set_spi_read_write_request
</UL>
<BR>[Called By]<UL><LI><a href="#[6f]">&gt;&gt;</a>&nbsp;&nbsp;&nbsp;accelerometer_read_acceleration
</UL>

<P><STRONG><a name="[83]"></a>hal_ct_lcd_clear</STRONG> (Thumb, 20 bytes, Stack size 4 bytes, hal_ct_lcd.o(i.hal_ct_lcd_clear))
<BR><BR>[Stack]<UL><LI>Max Depth = 16<LI>Call Chain = hal_ct_lcd_clear &rArr; hal_ct_lcd_write
</UL>
<BR>[Calls]<UL><LI><a href="#[84]">&gt;&gt;</a>&nbsp;&nbsp;&nbsp;hal_ct_lcd_write
</UL>
<BR>[Called By]<UL><LI><a href="#[96]">&gt;&gt;</a>&nbsp;&nbsp;&nbsp;reset_lcd_display_row
</UL>

<P><STRONG><a name="[84]"></a>hal_ct_lcd_write</STRONG> (Thumb, 38 bytes, Stack size 12 bytes, hal_ct_lcd.o(i.hal_ct_lcd_write))
<BR><BR>[Stack]<UL><LI>Max Depth = 12<LI>Call Chain = hal_ct_lcd_write
</UL>
<BR>[Called By]<UL><LI><a href="#[83]">&gt;&gt;</a>&nbsp;&nbsp;&nbsp;hal_ct_lcd_clear
<LI><a href="#[99]">&gt;&gt;</a>&nbsp;&nbsp;&nbsp;write_char_to_lcd
<LI><a href="#[96]">&gt;&gt;</a>&nbsp;&nbsp;&nbsp;reset_lcd_display_row
</UL>

<P><STRONG><a name="[93]"></a>hal_dma_init_base</STRONG> (Thumb, 402 bytes, Stack size 24 bytes, hal_dma.o(i.hal_dma_init_base))
<BR><BR>[Stack]<UL><LI>Max Depth = 24<LI>Call Chain = hal_dma_init_base
</UL>
<BR>[Called By]<UL><LI><a href="#[7a]">&gt;&gt;</a>&nbsp;&nbsp;&nbsp;init_dma
</UL>

<P><STRONG><a name="[7f]"></a>hal_dma_start</STRONG> (Thumb, 28 bytes, Stack size 8 bytes, hal_dma.o(i.hal_dma_start))
<BR><BR>[Stack]<UL><LI>Max Depth = 8<LI>Call Chain = hal_dma_start
</UL>
<BR>[Called By]<UL><LI><a href="#[71]">&gt;&gt;</a>&nbsp;&nbsp;&nbsp;hal_acc_spi_read_write_dma
</UL>

<P><STRONG><a name="[82]"></a>hal_dma_stop</STRONG> (Thumb, 24 bytes, Stack size 8 bytes, hal_dma.o(i.hal_dma_stop))
<BR><BR>[Stack]<UL><LI>Max Depth = 8<LI>Call Chain = hal_dma_stop
</UL>
<BR>[Called By]<UL><LI><a href="#[71]">&gt;&gt;</a>&nbsp;&nbsp;&nbsp;hal_acc_spi_read_write_dma
</UL>

<P><STRONG><a name="[8c]"></a>hal_fmc_init_sram</STRONG> (Thumb, 412 bytes, Stack size 24 bytes, hal_fmc.o(i.hal_fmc_init_sram))
<BR><BR>[Stack]<UL><LI>Max Depth = 24<LI>Call Chain = hal_fmc_init_sram
</UL>
<BR>[Called By]<UL><LI><a href="#[8a]">&gt;&gt;</a>&nbsp;&nbsp;&nbsp;init_FMC_SRAM
</UL>

<P><STRONG><a name="[85]"></a>hal_gpio_init_alternate</STRONG> (Thumb, 130 bytes, Stack size 32 bytes, hal_gpio.o(i.hal_gpio_init_alternate))
<BR><BR>[Stack]<UL><LI>Max Depth = 104<LI>Call Chain = hal_gpio_init_alternate &rArr; hal_gpio_init_output &rArr; create_pattern_mask &rArr; __aeabi_idivmod
</UL>
<BR>[Calls]<UL><LI><a href="#[86]">&gt;&gt;</a>&nbsp;&nbsp;&nbsp;hal_gpio_init_output
<LI><a href="#[76]">&gt;&gt;</a>&nbsp;&nbsp;&nbsp;create_pattern_mask
</UL>
<BR>[Called By]<UL><LI><a href="#[8a]">&gt;&gt;</a>&nbsp;&nbsp;&nbsp;init_FMC_SRAM
</UL>

<P><STRONG><a name="[87]"></a>hal_gpio_init_input</STRONG> (Thumb, 58 bytes, Stack size 16 bytes, hal_gpio.o(i.hal_gpio_init_input))
<BR><BR>[Stack]<UL><LI>Max Depth = 64<LI>Call Chain = hal_gpio_init_input &rArr; create_pattern_mask &rArr; __aeabi_idivmod
</UL>
<BR>[Calls]<UL><LI><a href="#[88]">&gt;&gt;</a>&nbsp;&nbsp;&nbsp;intercept_overwrite_register
<LI><a href="#[76]">&gt;&gt;</a>&nbsp;&nbsp;&nbsp;create_pattern_mask
</UL>
<BR>[Called By]<UL><LI><a href="#[78]">&gt;&gt;</a>&nbsp;&nbsp;&nbsp;init_gpio
</UL>

<P><STRONG><a name="[86]"></a>hal_gpio_init_output</STRONG> (Thumb, 152 bytes, Stack size 24 bytes, hal_gpio.o(i.hal_gpio_init_output))
<BR><BR>[Stack]<UL><LI>Max Depth = 72<LI>Call Chain = hal_gpio_init_output &rArr; create_pattern_mask &rArr; __aeabi_idivmod
</UL>
<BR>[Calls]<UL><LI><a href="#[88]">&gt;&gt;</a>&nbsp;&nbsp;&nbsp;intercept_overwrite_register
<LI><a href="#[76]">&gt;&gt;</a>&nbsp;&nbsp;&nbsp;create_pattern_mask
</UL>
<BR>[Called By]<UL><LI><a href="#[85]">&gt;&gt;</a>&nbsp;&nbsp;&nbsp;hal_gpio_init_alternate
</UL>

<P><STRONG><a name="[91]"></a>hal_pwr_set_overdrive</STRONG> (Thumb, 6 bytes, Stack size 0 bytes, hal_pwr.o(i.hal_pwr_set_overdrive))
<BR><BR>[Called By]<UL><LI><a href="#[8d]">&gt;&gt;</a>&nbsp;&nbsp;&nbsp;init_SystemClock
</UL>

<P><STRONG><a name="[8e]"></a>hal_rcc_reset</STRONG> (Thumb, 176 bytes, Stack size 0 bytes, hal_rcc.o(i.hal_rcc_reset))
<BR><BR>[Called By]<UL><LI><a href="#[8d]">&gt;&gt;</a>&nbsp;&nbsp;&nbsp;init_SystemClock
</UL>

<P><STRONG><a name="[8f]"></a>hal_rcc_set_osc</STRONG> (Thumb, 148 bytes, Stack size 16 bytes, hal_rcc.o(i.hal_rcc_set_osc))
<BR><BR>[Stack]<UL><LI>Max Depth = 16<LI>Call Chain = hal_rcc_set_osc
</UL>
<BR>[Called By]<UL><LI><a href="#[8d]">&gt;&gt;</a>&nbsp;&nbsp;&nbsp;init_SystemClock
</UL>

<P><STRONG><a name="[92]"></a>hal_rcc_setup_clock</STRONG> (Thumb, 132 bytes, Stack size 8 bytes, hal_rcc.o(i.hal_rcc_setup_clock))
<BR><BR>[Stack]<UL><LI>Max Depth = 8<LI>Call Chain = hal_rcc_setup_clock
</UL>
<BR>[Called By]<UL><LI><a href="#[8d]">&gt;&gt;</a>&nbsp;&nbsp;&nbsp;init_SystemClock
</UL>

<P><STRONG><a name="[90]"></a>hal_rcc_setup_pll</STRONG> (Thumb, 314 bytes, Stack size 16 bytes, hal_rcc.o(i.hal_rcc_setup_pll))
<BR><BR>[Stack]<UL><LI>Max Depth = 16<LI>Call Chain = hal_rcc_setup_pll
</UL>
<BR>[Called By]<UL><LI><a href="#[8d]">&gt;&gt;</a>&nbsp;&nbsp;&nbsp;init_SystemClock
</UL>

<P><STRONG><a name="[94]"></a>hal_spi_init</STRONG> (Thumb, 154 bytes, Stack size 20 bytes, hal_spi.o(i.hal_spi_init))
<BR><BR>[Stack]<UL><LI>Max Depth = 20<LI>Call Chain = hal_spi_init
</UL>
<BR>[Called By]<UL><LI><a href="#[79]">&gt;&gt;</a>&nbsp;&nbsp;&nbsp;init_spi
</UL>

<P><STRONG><a name="[7d]"></a>hal_spi_read_write_bytes</STRONG> (Thumb, 78 bytes, Stack size 40 bytes, hal_spi.o(i.hal_spi_read_write_bytes))
<BR><BR>[Stack]<UL><LI>Max Depth = 40<LI>Call Chain = hal_spi_read_write_bytes
</UL>
<BR>[Calls]<UL><LI><a href="#[89]">&gt;&gt;</a>&nbsp;&nbsp;&nbsp;wait_10_us
</UL>
<BR>[Called By]<UL><LI><a href="#[70]">&gt;&gt;</a>&nbsp;&nbsp;&nbsp;hal_acc_spi_read_write
</UL>

<P><STRONG><a name="[66]"></a>main</STRONG> (Thumb, 106 bytes, Stack size 16 bytes, main.o(i.main))
<BR><BR>[Stack]<UL><LI>Max Depth = 128<LI>Call Chain = main &rArr; accelerometer_init &rArr; hal_acc_init &rArr; init_gpio &rArr; hal_gpio_init_input &rArr; create_pattern_mask &rArr; __aeabi_idivmod
</UL>
<BR>[Calls]<UL><LI><a href="#[95]">&gt;&gt;</a>&nbsp;&nbsp;&nbsp;write_acc_to_lcd
<LI><a href="#[6f]">&gt;&gt;</a>&nbsp;&nbsp;&nbsp;accelerometer_read_acceleration
<LI><a href="#[6c]">&gt;&gt;</a>&nbsp;&nbsp;&nbsp;accelerometer_init
<LI><a href="#[75]">&gt;&gt;</a>&nbsp;&nbsp;&nbsp;calculate_acc_average
</UL>
<BR>[Address Reference Count : 1]<UL><LI> datainit_ctboard.o(.text)
</UL>
<P><STRONG><a name="[80]"></a>set_spi_read_write_request</STRONG> (Thumb, 18 bytes, Stack size 0 bytes, hal_spi.o(i.set_spi_read_write_request))
<BR><BR>[Called By]<UL><LI><a href="#[71]">&gt;&gt;</a>&nbsp;&nbsp;&nbsp;hal_acc_spi_read_write_dma
</UL>

<P><STRONG><a name="[6b]"></a>system_enter_run</STRONG> (Thumb, 20 bytes, Stack size 8 bytes, system_ctboard.o(i.system_enter_run))
<BR><BR>[Stack]<UL><LI>Max Depth = 144<LI>Call Chain = system_enter_run &rArr; init_FMC_SRAM &rArr; hal_gpio_init_alternate &rArr; hal_gpio_init_output &rArr; create_pattern_mask &rArr; __aeabi_idivmod
</UL>
<BR>[Calls]<UL><LI><a href="#[8d]">&gt;&gt;</a>&nbsp;&nbsp;&nbsp;init_SystemClock
<LI><a href="#[98]">&gt;&gt;</a>&nbsp;&nbsp;&nbsp;init_LCD
<LI><a href="#[97]">&gt;&gt;</a>&nbsp;&nbsp;&nbsp;init_FPU
<LI><a href="#[8a]">&gt;&gt;</a>&nbsp;&nbsp;&nbsp;init_FMC_SRAM
</UL>
<BR>[Called By]<UL><LI><a href="#[67]">&gt;&gt;</a>&nbsp;&nbsp;&nbsp;__system
</UL>

<P><STRONG><a name="[95]"></a>write_acc_to_lcd</STRONG> (Thumb, 182 bytes, Stack size 64 bytes, display_acc.o(i.write_acc_to_lcd))
<BR><BR>[Stack]<UL><LI>Max Depth = 100<LI>Call Chain = write_acc_to_lcd &rArr; write_char_to_lcd &rArr; hal_ct_lcd_write
</UL>
<BR>[Calls]<UL><LI><a href="#[99]">&gt;&gt;</a>&nbsp;&nbsp;&nbsp;write_char_to_lcd
<LI><a href="#[96]">&gt;&gt;</a>&nbsp;&nbsp;&nbsp;reset_lcd_display_row
<LI><a href="#[73]">&gt;&gt;</a>&nbsp;&nbsp;&nbsp;binary_to_bcd_char_array
<LI><a href="#[8b]">&gt;&gt;</a>&nbsp;&nbsp;&nbsp;__aeabi_memcpy4
</UL>
<BR>[Called By]<UL><LI><a href="#[66]">&gt;&gt;</a>&nbsp;&nbsp;&nbsp;main
</UL>
<P>
<H3>
Local Symbols
</H3>
<P><STRONG><a name="[89]"></a>wait_10_us</STRONG> (Thumb, 14 bytes, Stack size 0 bytes, hal_spi.o(i.wait_10_us))
<BR><BR>[Called By]<UL><LI><a href="#[7d]">&gt;&gt;</a>&nbsp;&nbsp;&nbsp;hal_spi_read_write_bytes
</UL>

<P><STRONG><a name="[75]"></a>calculate_acc_average</STRONG> (Thumb, 100 bytes, Stack size 24 bytes, main.o(i.calculate_acc_average))
<BR><BR>[Stack]<UL><LI>Max Depth = 32<LI>Call Chain = calculate_acc_average &rArr; __aeabi_idivmod
</UL>
<BR>[Calls]<UL><LI><a href="#[72]">&gt;&gt;</a>&nbsp;&nbsp;&nbsp;__aeabi_idivmod
</UL>
<BR>[Called By]<UL><LI><a href="#[66]">&gt;&gt;</a>&nbsp;&nbsp;&nbsp;main
</UL>

<P><STRONG><a name="[6e]"></a>write_reg</STRONG> (Thumb, 24 bytes, Stack size 24 bytes, accelerometer.o(i.write_reg))
<BR><BR>[Stack]<UL><LI>Max Depth = 80<LI>Call Chain = write_reg &rArr; hal_acc_spi_read_write &rArr; hal_spi_read_write_bytes
</UL>
<BR>[Calls]<UL><LI><a href="#[70]">&gt;&gt;</a>&nbsp;&nbsp;&nbsp;hal_acc_spi_read_write
</UL>
<BR>[Called By]<UL><LI><a href="#[6c]">&gt;&gt;</a>&nbsp;&nbsp;&nbsp;accelerometer_init
</UL>

<P><STRONG><a name="[73]"></a>binary_to_bcd_char_array</STRONG> (Thumb, 72 bytes, Stack size 32 bytes, display_acc.o(i.binary_to_bcd_char_array))
<BR><BR>[Stack]<UL><LI>Max Depth = 32<LI>Call Chain = binary_to_bcd_char_array
</UL>
<BR>[Calls]<UL><LI><a href="#[74]">&gt;&gt;</a>&nbsp;&nbsp;&nbsp;__aeabi_uidivmod
</UL>
<BR>[Called By]<UL><LI><a href="#[95]">&gt;&gt;</a>&nbsp;&nbsp;&nbsp;write_acc_to_lcd
</UL>

<P><STRONG><a name="[96]"></a>reset_lcd_display_row</STRONG> (Thumb, 44 bytes, Stack size 8 bytes, display_acc.o(i.reset_lcd_display_row))
<BR><BR>[Stack]<UL><LI>Max Depth = 24<LI>Call Chain = reset_lcd_display_row &rArr; hal_ct_lcd_clear &rArr; hal_ct_lcd_write
</UL>
<BR>[Calls]<UL><LI><a href="#[84]">&gt;&gt;</a>&nbsp;&nbsp;&nbsp;hal_ct_lcd_write
<LI><a href="#[83]">&gt;&gt;</a>&nbsp;&nbsp;&nbsp;hal_ct_lcd_clear
</UL>
<BR>[Called By]<UL><LI><a href="#[95]">&gt;&gt;</a>&nbsp;&nbsp;&nbsp;write_acc_to_lcd
</UL>

<P><STRONG><a name="[99]"></a>write_char_to_lcd</STRONG> (Thumb, 38 bytes, Stack size 24 bytes, display_acc.o(i.write_char_to_lcd))
<BR><BR>[Stack]<UL><LI>Max Depth = 36<LI>Call Chain = write_char_to_lcd &rArr; hal_ct_lcd_write
</UL>
<BR>[Calls]<UL><LI><a href="#[84]">&gt;&gt;</a>&nbsp;&nbsp;&nbsp;hal_ct_lcd_write
</UL>
<BR>[Called By]<UL><LI><a href="#[95]">&gt;&gt;</a>&nbsp;&nbsp;&nbsp;write_acc_to_lcd
</UL>

<P><STRONG><a name="[7a]"></a>init_dma</STRONG> (Thumb, 112 bytes, Stack size 56 bytes, hal_acc.o(i.init_dma))
<BR><BR>[Stack]<UL><LI>Max Depth = 80<LI>Call Chain = init_dma &rArr; hal_dma_init_base
</UL>
<BR>[Calls]<UL><LI><a href="#[93]">&gt;&gt;</a>&nbsp;&nbsp;&nbsp;hal_dma_init_base
</UL>
<BR>[Called By]<UL><LI><a href="#[6d]">&gt;&gt;</a>&nbsp;&nbsp;&nbsp;hal_acc_init
</UL>

<P><STRONG><a name="[78]"></a>init_gpio</STRONG> (Thumb, 220 bytes, Stack size 24 bytes, hal_acc.o(i.init_gpio))
<BR><BR>[Stack]<UL><LI>Max Depth = 88<LI>Call Chain = init_gpio &rArr; hal_gpio_init_input &rArr; create_pattern_mask &rArr; __aeabi_idivmod
</UL>
<BR>[Calls]<UL><LI><a href="#[87]">&gt;&gt;</a>&nbsp;&nbsp;&nbsp;hal_gpio_init_input
<LI><a href="#[7e]">&gt;&gt;</a>&nbsp;&nbsp;&nbsp;set_ss_pin_high
</UL>
<BR>[Called By]<UL><LI><a href="#[6d]">&gt;&gt;</a>&nbsp;&nbsp;&nbsp;hal_acc_init
</UL>

<P><STRONG><a name="[77]"></a>init_rcc</STRONG> (Thumb, 42 bytes, Stack size 0 bytes, hal_acc.o(i.init_rcc))
<BR><BR>[Called By]<UL><LI><a href="#[6d]">&gt;&gt;</a>&nbsp;&nbsp;&nbsp;hal_acc_init
</UL>

<P><STRONG><a name="[79]"></a>init_spi</STRONG> (Thumb, 38 bytes, Stack size 16 bytes, hal_acc.o(i.init_spi))
<BR><BR>[Stack]<UL><LI>Max Depth = 36<LI>Call Chain = init_spi &rArr; hal_spi_init
</UL>
<BR>[Calls]<UL><LI><a href="#[94]">&gt;&gt;</a>&nbsp;&nbsp;&nbsp;hal_spi_init
</UL>
<BR>[Called By]<UL><LI><a href="#[6d]">&gt;&gt;</a>&nbsp;&nbsp;&nbsp;hal_acc_init
</UL>

<P><STRONG><a name="[7b]"></a>set_all_led_high</STRONG> (Thumb, 38 bytes, Stack size 0 bytes, hal_acc.o(i.set_all_led_high))
<BR><BR>[Called By]<UL><LI><a href="#[6d]">&gt;&gt;</a>&nbsp;&nbsp;&nbsp;hal_acc_init
</UL>

<P><STRONG><a name="[7e]"></a>set_ss_pin_high</STRONG> (Thumb, 14 bytes, Stack size 0 bytes, hal_acc.o(i.set_ss_pin_high))
<BR><BR>[Called By]<UL><LI><a href="#[78]">&gt;&gt;</a>&nbsp;&nbsp;&nbsp;init_gpio
<LI><a href="#[71]">&gt;&gt;</a>&nbsp;&nbsp;&nbsp;hal_acc_spi_read_write_dma
<LI><a href="#[70]">&gt;&gt;</a>&nbsp;&nbsp;&nbsp;hal_acc_spi_read_write
</UL>

<P><STRONG><a name="[7c]"></a>set_ss_pin_low</STRONG> (Thumb, 14 bytes, Stack size 0 bytes, hal_acc.o(i.set_ss_pin_low))
<BR><BR>[Called By]<UL><LI><a href="#[71]">&gt;&gt;</a>&nbsp;&nbsp;&nbsp;hal_acc_spi_read_write_dma
<LI><a href="#[70]">&gt;&gt;</a>&nbsp;&nbsp;&nbsp;hal_acc_spi_read_write
</UL>

<P><STRONG><a name="[81]"></a>wait_5_us</STRONG> (Thumb, 14 bytes, Stack size 0 bytes, hal_acc.o(i.wait_5_us))
<BR><BR>[Called By]<UL><LI><a href="#[71]">&gt;&gt;</a>&nbsp;&nbsp;&nbsp;hal_acc_spi_read_write_dma
</UL>

<P><STRONG><a name="[8a]"></a>init_FMC_SRAM</STRONG> (Thumb, 266 bytes, Stack size 32 bytes, system_ctboard.o(i.init_FMC_SRAM))
<BR><BR>[Stack]<UL><LI>Max Depth = 136<LI>Call Chain = init_FMC_SRAM &rArr; hal_gpio_init_alternate &rArr; hal_gpio_init_output &rArr; create_pattern_mask &rArr; __aeabi_idivmod
</UL>
<BR>[Calls]<UL><LI><a href="#[85]">&gt;&gt;</a>&nbsp;&nbsp;&nbsp;hal_gpio_init_alternate
<LI><a href="#[8c]">&gt;&gt;</a>&nbsp;&nbsp;&nbsp;hal_fmc_init_sram
<LI><a href="#[8b]">&gt;&gt;</a>&nbsp;&nbsp;&nbsp;__aeabi_memcpy4
</UL>
<BR>[Called By]<UL><LI><a href="#[6b]">&gt;&gt;</a>&nbsp;&nbsp;&nbsp;system_enter_run
</UL>

<P><STRONG><a name="[97]"></a>init_FPU</STRONG> (Thumb, 2 bytes, Stack size 0 bytes, system_ctboard.o(i.init_FPU))
<BR><BR>[Called By]<UL><LI><a href="#[6b]">&gt;&gt;</a>&nbsp;&nbsp;&nbsp;system_enter_run
</UL>

<P><STRONG><a name="[98]"></a>init_LCD</STRONG> (Thumb, 12 bytes, Stack size 0 bytes, system_ctboard.o(i.init_LCD))
<BR><BR>[Called By]<UL><LI><a href="#[6b]">&gt;&gt;</a>&nbsp;&nbsp;&nbsp;system_enter_run
</UL>

<P><STRONG><a name="[8d]"></a>init_SystemClock</STRONG> (Thumb, 168 bytes, Stack size 16 bytes, system_ctboard.o(i.init_SystemClock))
<BR><BR>[Stack]<UL><LI>Max Depth = 32<LI>Call Chain = init_SystemClock &rArr; hal_rcc_setup_pll
</UL>
<BR>[Calls]<UL><LI><a href="#[90]">&gt;&gt;</a>&nbsp;&nbsp;&nbsp;hal_rcc_setup_pll
<LI><a href="#[92]">&gt;&gt;</a>&nbsp;&nbsp;&nbsp;hal_rcc_setup_clock
<LI><a href="#[8f]">&gt;&gt;</a>&nbsp;&nbsp;&nbsp;hal_rcc_set_osc
<LI><a href="#[8e]">&gt;&gt;</a>&nbsp;&nbsp;&nbsp;hal_rcc_reset
<LI><a href="#[91]">&gt;&gt;</a>&nbsp;&nbsp;&nbsp;hal_pwr_set_overdrive
</UL>
<BR>[Called By]<UL><LI><a href="#[6b]">&gt;&gt;</a>&nbsp;&nbsp;&nbsp;system_enter_run
</UL>

<P><STRONG><a name="[76]"></a>create_pattern_mask</STRONG> (Thumb, 92 bytes, Stack size 40 bytes, hal_gpio.o(i.create_pattern_mask))
<BR><BR>[Stack]<UL><LI>Max Depth = 48<LI>Call Chain = create_pattern_mask &rArr; __aeabi_idivmod
</UL>
<BR>[Calls]<UL><LI><a href="#[72]">&gt;&gt;</a>&nbsp;&nbsp;&nbsp;__aeabi_idivmod
</UL>
<BR>[Called By]<UL><LI><a href="#[86]">&gt;&gt;</a>&nbsp;&nbsp;&nbsp;hal_gpio_init_output
<LI><a href="#[85]">&gt;&gt;</a>&nbsp;&nbsp;&nbsp;hal_gpio_init_alternate
<LI><a href="#[87]">&gt;&gt;</a>&nbsp;&nbsp;&nbsp;hal_gpio_init_input
</UL>

<P><STRONG><a name="[88]"></a>intercept_overwrite_register</STRONG> (Thumb, 22 bytes, Stack size 0 bytes, hal_gpio.o(i.intercept_overwrite_register))
<BR><BR>[Called By]<UL><LI><a href="#[86]">&gt;&gt;</a>&nbsp;&nbsp;&nbsp;hal_gpio_init_output
<LI><a href="#[87]">&gt;&gt;</a>&nbsp;&nbsp;&nbsp;hal_gpio_init_input
</UL>
<P>
<H3>
Undefined Global Symbols
</H3><HR></body></html>
