Component: ARM Compiler 5.06 update 5 (build 528) Tool: armlink [4d35e2]

==============================================================================

Section Cross References

    main.o(i.init_gpio) refers to hal_gpio.o(i.hal_gpio_init_output) for hal_gpio_init_output
    main.o(i.main) refers to main.o(i.enable_peripherals) for enable_peripherals
    main.o(i.main) refers to main.o(i.init_gpio) for init_gpio
    main.o(i.main) refers to power_mode.o(i.power_set_clock) for power_set_clock
    main.o(i.main) refers to power_mode.o(i.power_init) for power_init
    main.o(i.main) refers to user_button.o(i.button_init) for button_init
    main.o(i.main) refers to output.o(i.output_init) for output_init
    main.o(i.main) refers to output.o(i.output_set_green) for output_set_green
    main.o(i.main) refers to output.o(i.output_set_red) for output_set_red
    main.o(i.main) refers to user_button.o(i.did_button_get_pressed) for did_button_get_pressed
    main.o(i.main) refers to power_mode.o(i.power_enter_sleep) for power_enter_sleep
    main.o(i.main) refers to power_mode.o(i.power_enter_stop) for power_enter_stop
    power_mode.o(i.power_set_clock) refers to power_mode.o(i.fill_init_structs) for fill_init_structs
    power_mode.o(i.power_set_clock) refers to hal_rcc.o(i.hal_rcc_set_osc) for hal_rcc_set_osc
    power_mode.o(i.power_set_clock) refers to hal_rcc.o(i.hal_rcc_setup_pll) for hal_rcc_setup_pll
    power_mode.o(i.power_set_clock) refers to hal_pwr.o(i.hal_pwr_set_overdrive) for hal_pwr_set_overdrive
    power_mode.o(i.power_set_clock) refers to hal_rcc.o(i.hal_rcc_setup_clock) for hal_rcc_setup_clock
    user_button.o(i.EXTI0_IRQHandler) refers to user_button.o(.data) for butt_pressed
    user_button.o(i.button_init) refers to hal_gpio.o(i.hal_gpio_init_input) for hal_gpio_init_input
    user_button.o(i.button_init) refers to hal_gpio.o(i.hal_gpio_irq_set) for hal_gpio_irq_set
    user_button.o(i.did_button_get_pressed) refers to user_button.o(.data) for butt_pressed
    work.o(i.work_hard) refers to work.o(i.work_single_task) for work_single_task
    work.o(i.work_single_task) refers to work.o(.data) for t
    output.o(i.output_init) refers to hal_gpio.o(i.hal_gpio_init_output) for hal_gpio_init_output
    output.o(i.output_init) refers to hal_gpio.o(i.hal_gpio_bit_reset) for hal_gpio_bit_reset
    output.o(i.output_set_green) refers to hal_gpio.o(i.hal_gpio_bit_set) for hal_gpio_bit_set
    output.o(i.output_set_green) refers to hal_gpio.o(i.hal_gpio_bit_reset) for hal_gpio_bit_reset
    output.o(i.output_set_red) refers to hal_gpio.o(i.hal_gpio_bit_set) for hal_gpio_bit_set
    output.o(i.output_set_red) refers to hal_gpio.o(i.hal_gpio_bit_reset) for hal_gpio_bit_reset
    datainit_ctboard.o(.text) refers (Weak) to startup_ctboard.o(STACK) for Stack_Mem
    datainit_ctboard.o(.text) refers to main.o(i.main) for main
    startup_ctboard.o(RESET) refers to startup_ctboard.o(STACK) for __initial_sp
    startup_ctboard.o(RESET) refers to startup_ctboard.o(.text) for Reset_Handler
    startup_ctboard.o(RESET) refers to user_button.o(i.EXTI0_IRQHandler) for EXTI0_IRQHandler
    startup_ctboard.o(.text) refers to system_ctboard.o(i.__system) for __system
    startup_ctboard.o(.text) refers to datainit_ctboard.o(.text) for __main
    system_ctboard.o(i.__system) refers to system_ctboard.o(i.system_enter_run) for system_enter_run
    system_ctboard.o(i.init_FMC_SRAM) refers to hal_gpio.o(i.hal_gpio_init_alternate) for hal_gpio_init_alternate
    system_ctboard.o(i.init_FMC_SRAM) refers to rt_memcpy.o(.emb_text) for __aeabi_memcpy4
    system_ctboard.o(i.init_FMC_SRAM) refers to hal_fmc.o(i.hal_fmc_init_sram) for hal_fmc_init_sram
    system_ctboard.o(i.init_SystemClock) refers to hal_rcc.o(i.hal_rcc_reset) for hal_rcc_reset
    system_ctboard.o(i.init_SystemClock) refers to hal_rcc.o(i.hal_rcc_set_osc) for hal_rcc_set_osc
    system_ctboard.o(i.init_SystemClock) refers to hal_rcc.o(i.hal_rcc_setup_pll) for hal_rcc_setup_pll
    system_ctboard.o(i.init_SystemClock) refers to hal_pwr.o(i.hal_pwr_set_overdrive) for hal_pwr_set_overdrive
    system_ctboard.o(i.init_SystemClock) refers to hal_rcc.o(i.hal_rcc_setup_clock) for hal_rcc_setup_clock
    system_ctboard.o(i.system_enter_run) refers to system_ctboard.o(i.init_SystemClock) for init_SystemClock
    system_ctboard.o(i.system_enter_run) refers to system_ctboard.o(i.init_FPU) for init_FPU
    system_ctboard.o(i.system_enter_run) refers to system_ctboard.o(i.init_FMC_SRAM) for init_FMC_SRAM
    system_ctboard.o(i.system_enter_run) refers to system_ctboard.o(i.init_LCD) for init_LCD
    hal_gpio.o(i.create_pattern_mask) refers to aeabi_sdiv.o(.text) for __aeabi_idivmod
    hal_gpio.o(i.hal_gpio_bit_reset) refers to hal_gpio.o(i.intercept_overwrite_register) for intercept_overwrite_register
    hal_gpio.o(i.hal_gpio_bit_set) refers to hal_gpio.o(i.intercept_overwrite_register) for intercept_overwrite_register
    hal_gpio.o(i.hal_gpio_bit_toggle) refers to hal_gpio.o(i.intercept_overwrite_register) for intercept_overwrite_register
    hal_gpio.o(i.hal_gpio_bit_toggle) refers to hal_gpio.o(i.hal_gpio_output_read) for hal_gpio_output_read
    hal_gpio.o(i.hal_gpio_init_alternate) refers to hal_gpio.o(i.hal_gpio_init_output) for hal_gpio_init_output
    hal_gpio.o(i.hal_gpio_init_alternate) refers to hal_gpio.o(i.create_pattern_mask) for create_pattern_mask
    hal_gpio.o(i.hal_gpio_init_analog) refers to hal_gpio.o(i.hal_gpio_init_input) for hal_gpio_init_input
    hal_gpio.o(i.hal_gpio_init_analog) refers to hal_gpio.o(i.create_pattern_mask) for create_pattern_mask
    hal_gpio.o(i.hal_gpio_init_input) refers to hal_gpio.o(i.intercept_overwrite_register) for intercept_overwrite_register
    hal_gpio.o(i.hal_gpio_init_input) refers to hal_gpio.o(i.create_pattern_mask) for create_pattern_mask
    hal_gpio.o(i.hal_gpio_init_output) refers to hal_gpio.o(i.intercept_overwrite_register) for intercept_overwrite_register
    hal_gpio.o(i.hal_gpio_init_output) refers to hal_gpio.o(i.create_pattern_mask) for create_pattern_mask
    hal_gpio.o(i.hal_gpio_irq_set) refers to hal_gpio.o(i.get_syscfg_mask) for get_syscfg_mask
    hal_gpio.o(i.hal_gpio_output_write) refers to hal_gpio.o(i.intercept_overwrite_register) for intercept_overwrite_register
    hal_rcc.o(i.hal_rcc_set_peripheral) refers to hal_rcc.o(i.__ARM_common_switch8) for __ARM_common_switch8
    rt_memcpy.o(.text) refers to rt_memcpy.o(.emb_text) for __aeabi_memcpy4
    aeabi_idiv0_sigfpe.o(.text) refers to rt_div0.o(.text) for __rt_div0
    rt_div0.o(.text) refers to defsig_fpe_outer.o(.text) for __rt_SIGFPE
    defsig_fpe_outer.o(.text) refers to defsig_fpe_inner.o(.text) for __rt_SIGFPE_inner
    defsig_fpe_outer.o(.text) refers to defsig_exit.o(.text) for __sig_exit
    defsig_fpe_formal.o(.text) refers to rt_raise.o(.text) for __rt_raise
    rt_raise.o(.text) refers to __raise.o(.text) for __raise
    rt_raise.o(.text) refers to sys_exit.o(.text) for _sys_exit
    defsig_exit.o(.text) refers to sys_exit.o(.text) for _sys_exit
    defsig_fpe_inner.o(.text) refers to defsig_general.o(.text) for __default_signal_display
    sys_exit.o(.text) refers (Special) to use_no_semi.o(.text) for __I$use$semihosting
    sys_exit.o(.text) refers (Special) to indicate_semi.o(.text) for __semihosting_library_function
    __raise.o(.text) refers to defsig.o(CL$$defsig) for __default_signal_handler
    defsig_general.o(.text) refers to sys_wrch.o(.text) for _ttywrch
    sys_wrch.o(.text) refers (Special) to use_no_semi.o(.text) for __I$use$semihosting
    sys_wrch.o(.text) refers (Special) to indicate_semi.o(.text) for __semihosting_library_function
    defsig.o(CL$$defsig) refers to defsig_fpe_inner.o(.text) for __rt_SIGFPE_inner
    defsig_abrt_inner.o(.text) refers to defsig_general.o(.text) for __default_signal_display
    defsig_rtred_inner.o(.text) refers to defsig_general.o(.text) for __default_signal_display
    defsig_rtmem_inner.o(.text) refers to defsig_general.o(.text) for __default_signal_display
    defsig_stak_inner.o(.text) refers to defsig_general.o(.text) for __default_signal_display
    defsig_pvfn_inner.o(.text) refers to defsig_general.o(.text) for __default_signal_display
    defsig_cppl_inner.o(.text) refers to defsig_general.o(.text) for __default_signal_display
    defsig_segv_inner.o(.text) refers to defsig_general.o(.text) for __default_signal_display
    defsig_other.o(.text) refers to defsig_general.o(.text) for __default_signal_display


==============================================================================

Removing Unused input sections from the image.

    Removing main.o(.constdata), (1 bytes).
    Removing wakeup_timer.o(i.wakeup_init), (48 bytes).
    Removing work.o(i.work_hard), (24 bytes).
    Removing work.o(i.work_single_task), (60 bytes).
    Removing work.o(.data), (8 bytes).
    Removing startup_ctboard.o(HEAP), (2048 bytes).
    Removing system_ctboard.o(i.system_enter_sleep), (2 bytes).
    Removing system_ctboard.o(i.system_enter_standby), (2 bytes).
    Removing system_ctboard.o(i.system_enter_stop), (2 bytes).
    Removing hal_fmc.o(i.hal_fmc_reset), (92 bytes).
    Removing hal_gpio.o(i.hal_gpio_bit_toggle), (42 bytes).
    Removing hal_gpio.o(i.hal_gpio_init_analog), (50 bytes).
    Removing hal_gpio.o(i.hal_gpio_input_read), (8 bytes).
    Removing hal_gpio.o(i.hal_gpio_irq_clear), (16 bytes).
    Removing hal_gpio.o(i.hal_gpio_irq_status), (36 bytes).
    Removing hal_gpio.o(i.hal_gpio_output_read), (8 bytes).
    Removing hal_gpio.o(i.hal_gpio_output_write), (20 bytes).
    Removing hal_gpio.o(i.hal_gpio_reset), (76 bytes).
    Removing hal_pwr.o(i.hal_pwr_reset), (20 bytes).
    Removing hal_pwr.o(i.hal_pwr_set_backup_access), (40 bytes).
    Removing hal_pwr.o(i.hal_pwr_set_backup_domain), (100 bytes).
    Removing hal_pwr.o(i.hal_pwr_set_flash_powerdown), (40 bytes).
    Removing hal_pwr.o(i.hal_pwr_set_underdrive), (6 bytes).
    Removing hal_pwr.o(i.hal_pwr_set_wakeup_pin), (40 bytes).
    Removing hal_rcc.o(i.hal_rcc_set_peripheral), (236 bytes).
    Removing hal_rcc.o(i.__ARM_common_switch8), (28 bytes).

26 unused section(s) (total 3053 bytes) removed from the image.

==============================================================================

Image Symbol Table

    Local Symbols

    Symbol Name                              Value     Ov Type        Size  Object(Section)

    ../clib/angel/rt.s                       0x00000000   Number         0  rt_div0.o ABSOLUTE
    ../clib/angel/rt.s                       0x00000000   Number         0  aeabi_idiv0.o ABSOLUTE
    ../clib/angel/rt.s                       0x00000000   Number         0  rt_raise.o ABSOLUTE
    ../clib/angel/rt.s                       0x00000000   Number         0  aeabi_idiv0_sigfpe.o ABSOLUTE
    ../clib/angel/sys.s                      0x00000000   Number         0  indicate_semi.o ABSOLUTE
    ../clib/angel/sys.s                      0x00000000   Number         0  use_no_semi.o ABSOLUTE
    ../clib/angel/sysapp.c                   0x00000000   Number         0  sys_exit.o ABSOLUTE
    ../clib/angel/sysapp.c                   0x00000000   Number         0  sys_wrch.o ABSOLUTE
    ../clib/division.s                       0x00000000   Number         0  aeabi_sdiv.o ABSOLUTE
    ../clib/division.s                       0x00000000   Number         0  aeabi_sdiv_div0.o ABSOLUTE
    ../clib/memcpset.c                       0x00000000   Number         0  rt_memcpy.o ABSOLUTE
    ../clib/memcpset.c                       0x00000000   Number         0  rt_memcpy.o ABSOLUTE
    ../clib/signal.c                         0x00000000   Number         0  defsig_fpe_inner.o ABSOLUTE
    ../clib/signal.c                         0x00000000   Number         0  defsig_exit.o ABSOLUTE
    ../clib/signal.c                         0x00000000   Number         0  defsig_fpe_formal.o ABSOLUTE
    ../clib/signal.c                         0x00000000   Number         0  defsig_fpe_outer.o ABSOLUTE
    ../clib/signal.c                         0x00000000   Number         0  defsig_stak_inner.o ABSOLUTE
    ../clib/signal.c                         0x00000000   Number         0  defsig_pvfn_inner.o ABSOLUTE
    ../clib/signal.c                         0x00000000   Number         0  defsig_cppl_inner.o ABSOLUTE
    ../clib/signal.c                         0x00000000   Number         0  defsig_other.o ABSOLUTE
    ../clib/signal.c                         0x00000000   Number         0  defsig_segv_inner.o ABSOLUTE
    ../clib/signal.c                         0x00000000   Number         0  defsig_general.o ABSOLUTE
    ../clib/signal.c                         0x00000000   Number         0  defsig_rtred_inner.o ABSOLUTE
    ../clib/signal.c                         0x00000000   Number         0  __raise.o ABSOLUTE
    ../clib/signal.c                         0x00000000   Number         0  defsig_abrt_inner.o ABSOLUTE
    ../clib/signal.c                         0x00000000   Number         0  defsig_rtmem_inner.o ABSOLUTE
    ../clib/signal.s                         0x00000000   Number         0  defsig.o ABSOLUTE
    App\main.c                               0x00000000   Number         0  main.o ABSOLUTE
    App\output.c                             0x00000000   Number         0  output.o ABSOLUTE
    App\power_mode.c                         0x00000000   Number         0  power_mode.o ABSOLUTE
    App\user_button.c                        0x00000000   Number         0  user_button.o ABSOLUTE
    App\wakeup_timer.c                       0x00000000   Number         0  wakeup_timer.o ABSOLUTE
    App\work.c                               0x00000000   Number         0  work.o ABSOLUTE
    RTE\Device\CT_Board_HS14_M0\datainit_ctboard.s 0x00000000   Number         0  datainit_ctboard.o ABSOLUTE
    RTE\Device\CT_Board_HS14_M0\startup_ctboard.s 0x00000000   Number         0  startup_ctboard.o ABSOLUTE
    RTE\Device\CT_Board_HS14_M0\system_ctboard.c 0x00000000   Number         0  system_ctboard.o ABSOLUTE
    RTE\HAL\CT_Board_HS14_M0\hal_fmc.c       0x00000000   Number         0  hal_fmc.o ABSOLUTE
    RTE\HAL\CT_Board_HS14_M0\hal_gpio.c      0x00000000   Number         0  hal_gpio.o ABSOLUTE
    RTE\HAL\CT_Board_HS14_M0\hal_pwr.c       0x00000000   Number         0  hal_pwr.o ABSOLUTE
    RTE\HAL\CT_Board_HS14_M0\hal_rcc.c       0x00000000   Number         0  hal_rcc.o ABSOLUTE
    dc.s                                     0x00000000   Number         0  dc.o ABSOLUTE
    RESET                                    0x08000000   Section      428  startup_ctboard.o(RESET)
    .emb_text                                0x080001ac   Section       56  rt_memcpy.o(.emb_text)
    .text                                    0x080001e4   Section      124  datainit_ctboard.o(.text)
    .text                                    0x08000260   Section       36  startup_ctboard.o(.text)
    .text                                    0x08000284   Section      346  aeabi_sdiv.o(.text)
    i.EXTI0_IRQHandler                       0x080003e0   Section        0  user_button.o(i.EXTI0_IRQHandler)
    i.__system                               0x080003fc   Section        0  system_ctboard.o(i.__system)
    i.button_init                            0x08000404   Section        0  user_button.o(i.button_init)
    i.create_pattern_mask                    0x0800042c   Section        0  hal_gpio.o(i.create_pattern_mask)
    create_pattern_mask                      0x0800042d   Thumb Code    92  hal_gpio.o(i.create_pattern_mask)
    i.did_button_get_pressed                 0x08000488   Section        0  user_button.o(i.did_button_get_pressed)
    i.enable_peripherals                     0x08000498   Section        0  main.o(i.enable_peripherals)
    enable_peripherals                       0x08000499   Thumb Code    90  main.o(i.enable_peripherals)
    i.fill_init_structs                      0x080004f8   Section        0  power_mode.o(i.fill_init_structs)
    fill_init_structs                        0x080004f9   Thumb Code   166  power_mode.o(i.fill_init_structs)
    i.get_syscfg_mask                        0x080005a0   Section        0  hal_gpio.o(i.get_syscfg_mask)
    get_syscfg_mask                          0x080005a1   Thumb Code   106  hal_gpio.o(i.get_syscfg_mask)
    i.hal_fmc_init_sram                      0x08000634   Section        0  hal_fmc.o(i.hal_fmc_init_sram)
    i.hal_gpio_bit_reset                     0x080007d0   Section        0  hal_gpio.o(i.hal_gpio_bit_reset)
    i.hal_gpio_bit_set                       0x080007e8   Section        0  hal_gpio.o(i.hal_gpio_bit_set)
    i.hal_gpio_init_alternate                0x08000800   Section        0  hal_gpio.o(i.hal_gpio_init_alternate)
    i.hal_gpio_init_input                    0x08000882   Section        0  hal_gpio.o(i.hal_gpio_init_input)
    i.hal_gpio_init_output                   0x080008dc   Section        0  hal_gpio.o(i.hal_gpio_init_output)
    i.hal_gpio_irq_set                       0x08000974   Section        0  hal_gpio.o(i.hal_gpio_irq_set)
    i.hal_pwr_set_overdrive                  0x08000a80   Section        0  hal_pwr.o(i.hal_pwr_set_overdrive)
    i.hal_rcc_reset                          0x08000a88   Section        0  hal_rcc.o(i.hal_rcc_reset)
    i.hal_rcc_set_osc                        0x08000b54   Section        0  hal_rcc.o(i.hal_rcc_set_osc)
    i.hal_rcc_setup_clock                    0x08000bec   Section        0  hal_rcc.o(i.hal_rcc_setup_clock)
    i.hal_rcc_setup_pll                      0x08000c78   Section        0  hal_rcc.o(i.hal_rcc_setup_pll)
    i.init_FMC_SRAM                          0x08000dc0   Section        0  system_ctboard.o(i.init_FMC_SRAM)
    init_FMC_SRAM                            0x08000dc1   Thumb Code   266  system_ctboard.o(i.init_FMC_SRAM)
    i.init_FPU                               0x08000ee8   Section        0  system_ctboard.o(i.init_FPU)
    init_FPU                                 0x08000ee9   Thumb Code     2  system_ctboard.o(i.init_FPU)
    i.init_LCD                               0x08000eec   Section        0  system_ctboard.o(i.init_LCD)
    init_LCD                                 0x08000eed   Thumb Code    12  system_ctboard.o(i.init_LCD)
    i.init_SystemClock                       0x08000efc   Section        0  system_ctboard.o(i.init_SystemClock)
    init_SystemClock                         0x08000efd   Thumb Code   168  system_ctboard.o(i.init_SystemClock)
    i.init_gpio                              0x08000fb4   Section        0  main.o(i.init_gpio)
    init_gpio                                0x08000fb5   Thumb Code    64  main.o(i.init_gpio)
    i.intercept_overwrite_register           0x08001008   Section        0  hal_gpio.o(i.intercept_overwrite_register)
    intercept_overwrite_register             0x08001009   Thumb Code    22  hal_gpio.o(i.intercept_overwrite_register)
    i.main                                   0x08001028   Section        0  main.o(i.main)
    i.output_init                            0x080010c0   Section        0  output.o(i.output_init)
    i.output_set_green                       0x080010fc   Section        0  output.o(i.output_set_green)
    i.output_set_red                         0x08001120   Section        0  output.o(i.output_set_red)
    i.power_enter_sleep                      0x08001144   Section        0  power_mode.o(i.power_enter_sleep)
    i.power_enter_stop                       0x08001158   Section        0  power_mode.o(i.power_enter_stop)
    i.power_init                             0x08001188   Section        0  power_mode.o(i.power_init)
    i.power_set_clock                        0x080011a8   Section        0  power_mode.o(i.power_set_clock)
    i.system_enter_run                       0x0800124c   Section        0  system_ctboard.o(i.system_enter_run)
    .data                                    0x20000000   Section        8  user_button.o(.data)
    button_pressed                           0x20000000   Data           1  user_button.o(.data)
    butt_pressed                             0x20000004   Data           4  user_button.o(.data)
    STACK                                    0x20000008   Section     8192  startup_ctboard.o(STACK)
    __initial_sp                             0x20002008   Data           0  startup_ctboard.o(STACK)

    Global Symbols

    Symbol Name                              Value     Ov Type        Size  Object(Section)

    BuildAttributes$$THM_ISAv3M$S$PE$A:L22$X:L11$S22$IEEE1$IW$USESV6$~STKCKD$USESV7$~SHL$OSPACE$ROPI$EBA8$STANDARDLIB$REQ8$PRES8$EABIv2 0x00000000   Number         0  anon$$obj.o ABSOLUTE
    __ARM_use_no_argv                        0x00000000   Number         0  main.o ABSOLUTE
    Image$$RO$$Limit                          - Undefined Weak Reference
    Image$$RW$$Base                           - Undefined Weak Reference
    Image$$ZI$$Base                           - Undefined Weak Reference
    Image$$ZI$$Limit                          - Undefined Weak Reference
    __sigvec_lookup                           - Undefined Weak Reference
    __Vectors_Size                           0x000001ac   Number         0  startup_ctboard.o ABSOLUTE
    Stack_Size                               0x00002000   Number         0  startup_ctboard.o ABSOLUTE
    __Vectors                                0x08000000   Data           4  startup_ctboard.o(RESET)
    __Vectors_End                            0x080001ac   Data           0  startup_ctboard.o(RESET)
    __aeabi_memcpy4                          0x080001ad   Thumb Code    56  rt_memcpy.o(.emb_text)
    __aeabi_memcpy8                          0x080001ad   Thumb Code     0  rt_memcpy.o(.emb_text)
    __main                                   0x080001e5   Thumb Code    74  datainit_ctboard.o(.text)
    Reset_Handler                            0x08000261   Thumb Code     8  startup_ctboard.o(.text)
    NMI_Handler                              0x08000269   Thumb Code     2  startup_ctboard.o(.text)
    HardFault_Handler                        0x0800026b   Thumb Code     2  startup_ctboard.o(.text)
    MemManage_Handler                        0x0800026d   Thumb Code     2  startup_ctboard.o(.text)
    BusFault_Handler                         0x0800026f   Thumb Code     2  startup_ctboard.o(.text)
    UsageFault_Handler                       0x08000271   Thumb Code     2  startup_ctboard.o(.text)
    SVC_Handler                              0x08000273   Thumb Code     2  startup_ctboard.o(.text)
    DebugMon_Handler                         0x08000275   Thumb Code     2  startup_ctboard.o(.text)
    PendSV_Handler                           0x08000277   Thumb Code     2  startup_ctboard.o(.text)
    SysTick_Handler                          0x08000279   Thumb Code     2  startup_ctboard.o(.text)
    ADC_IRQHandler                           0x0800027b   Thumb Code     0  startup_ctboard.o(.text)
    CAN1_RX0_IRQHandler                      0x0800027b   Thumb Code     0  startup_ctboard.o(.text)
    CAN1_RX1_IRQHandler                      0x0800027b   Thumb Code     0  startup_ctboard.o(.text)
    CAN1_SCE_IRQHandler                      0x0800027b   Thumb Code     0  startup_ctboard.o(.text)
    CAN1_TX_IRQHandler                       0x0800027b   Thumb Code     0  startup_ctboard.o(.text)
    CAN2_RX0_IRQHandler                      0x0800027b   Thumb Code     0  startup_ctboard.o(.text)
    CAN2_RX1_IRQHandler                      0x0800027b   Thumb Code     0  startup_ctboard.o(.text)
    CAN2_SCE_IRQHandler                      0x0800027b   Thumb Code     0  startup_ctboard.o(.text)
    CAN2_TX_IRQHandler                       0x0800027b   Thumb Code     0  startup_ctboard.o(.text)
    CRYP_IRQHandler                          0x0800027b   Thumb Code     0  startup_ctboard.o(.text)
    DCMI_IRQHandler                          0x0800027b   Thumb Code     0  startup_ctboard.o(.text)
    DMA1_Stream0_IRQHandler                  0x0800027b   Thumb Code     0  startup_ctboard.o(.text)
    DMA1_Stream1_IRQHandler                  0x0800027b   Thumb Code     0  startup_ctboard.o(.text)
    DMA1_Stream2_IRQHandler                  0x0800027b   Thumb Code     0  startup_ctboard.o(.text)
    DMA1_Stream3_IRQHandler                  0x0800027b   Thumb Code     0  startup_ctboard.o(.text)
    DMA1_Stream4_IRQHandler                  0x0800027b   Thumb Code     0  startup_ctboard.o(.text)
    DMA1_Stream5_IRQHandler                  0x0800027b   Thumb Code     0  startup_ctboard.o(.text)
    DMA1_Stream6_IRQHandler                  0x0800027b   Thumb Code     0  startup_ctboard.o(.text)
    DMA1_Stream7_IRQHandler                  0x0800027b   Thumb Code     0  startup_ctboard.o(.text)
    DMA2D_IRQHandler                         0x0800027b   Thumb Code     0  startup_ctboard.o(.text)
    DMA2_Stream0_IRQHandler                  0x0800027b   Thumb Code     0  startup_ctboard.o(.text)
    DMA2_Stream1_IRQHandler                  0x0800027b   Thumb Code     0  startup_ctboard.o(.text)
    DMA2_Stream2_IRQHandler                  0x0800027b   Thumb Code     0  startup_ctboard.o(.text)
    DMA2_Stream3_IRQHandler                  0x0800027b   Thumb Code     0  startup_ctboard.o(.text)
    DMA2_Stream4_IRQHandler                  0x0800027b   Thumb Code     0  startup_ctboard.o(.text)
    DMA2_Stream5_IRQHandler                  0x0800027b   Thumb Code     0  startup_ctboard.o(.text)
    DMA2_Stream6_IRQHandler                  0x0800027b   Thumb Code     0  startup_ctboard.o(.text)
    DMA2_Stream7_IRQHandler                  0x0800027b   Thumb Code     0  startup_ctboard.o(.text)
    ETH_IRQHandler                           0x0800027b   Thumb Code     0  startup_ctboard.o(.text)
    ETH_WKUP_IRQHandler                      0x0800027b   Thumb Code     0  startup_ctboard.o(.text)
    EXTI15_10_IRQHandler                     0x0800027b   Thumb Code     0  startup_ctboard.o(.text)
    EXTI1_IRQHandler                         0x0800027b   Thumb Code     0  startup_ctboard.o(.text)
    EXTI2_IRQHandler                         0x0800027b   Thumb Code     0  startup_ctboard.o(.text)
    EXTI3_IRQHandler                         0x0800027b   Thumb Code     0  startup_ctboard.o(.text)
    EXTI4_IRQHandler                         0x0800027b   Thumb Code     0  startup_ctboard.o(.text)
    EXTI9_5_IRQHandler                       0x0800027b   Thumb Code     0  startup_ctboard.o(.text)
    FLASH_IRQHandler                         0x0800027b   Thumb Code     0  startup_ctboard.o(.text)
    FMC_IRQHandler                           0x0800027b   Thumb Code     0  startup_ctboard.o(.text)
    FPU_IRQHandler                           0x0800027b   Thumb Code     0  startup_ctboard.o(.text)
    HASH_RNG_IRQHandler                      0x0800027b   Thumb Code     0  startup_ctboard.o(.text)
    I2C1_ER_IRQHandler                       0x0800027b   Thumb Code     0  startup_ctboard.o(.text)
    I2C1_EV_IRQHandler                       0x0800027b   Thumb Code     0  startup_ctboard.o(.text)
    I2C2_ER_IRQHandler                       0x0800027b   Thumb Code     0  startup_ctboard.o(.text)
    I2C2_EV_IRQHandler                       0x0800027b   Thumb Code     0  startup_ctboard.o(.text)
    I2C3_ER_IRQHandler                       0x0800027b   Thumb Code     0  startup_ctboard.o(.text)
    I2C3_EV_IRQHandler                       0x0800027b   Thumb Code     0  startup_ctboard.o(.text)
    LTDC_ER_IRQHandler                       0x0800027b   Thumb Code     0  startup_ctboard.o(.text)
    LTDC_IRQHandler                          0x0800027b   Thumb Code     0  startup_ctboard.o(.text)
    OTG_FS_IRQHandler                        0x0800027b   Thumb Code     0  startup_ctboard.o(.text)
    OTG_FS_WKUP_IRQHandler                   0x0800027b   Thumb Code     0  startup_ctboard.o(.text)
    OTG_HS_EP1_IN_IRQHandler                 0x0800027b   Thumb Code     0  startup_ctboard.o(.text)
    OTG_HS_EP1_OUT_IRQHandler                0x0800027b   Thumb Code     0  startup_ctboard.o(.text)
    OTG_HS_IRQHandler                        0x0800027b   Thumb Code     0  startup_ctboard.o(.text)
    OTG_HS_WKUP_IRQHandler                   0x0800027b   Thumb Code     0  startup_ctboard.o(.text)
    PVD_IRQHandler                           0x0800027b   Thumb Code     0  startup_ctboard.o(.text)
    RCC_IRQHandler                           0x0800027b   Thumb Code     0  startup_ctboard.o(.text)
    RTC_Alarm_IRQHandler                     0x0800027b   Thumb Code     0  startup_ctboard.o(.text)
    RTC_WKUP_IRQHandler                      0x0800027b   Thumb Code     0  startup_ctboard.o(.text)
    SAI1_IRQHandler                          0x0800027b   Thumb Code     0  startup_ctboard.o(.text)
    SDIO_IRQHandler                          0x0800027b   Thumb Code     0  startup_ctboard.o(.text)
    SPI1_IRQHandler                          0x0800027b   Thumb Code     0  startup_ctboard.o(.text)
    SPI2_IRQHandler                          0x0800027b   Thumb Code     0  startup_ctboard.o(.text)
    SPI3_IRQHandler                          0x0800027b   Thumb Code     0  startup_ctboard.o(.text)
    SPI4_IRQHandler                          0x0800027b   Thumb Code     0  startup_ctboard.o(.text)
    SPI5_IRQHandler                          0x0800027b   Thumb Code     0  startup_ctboard.o(.text)
    SPI6_IRQHandler                          0x0800027b   Thumb Code     0  startup_ctboard.o(.text)
    TAMP_STAMP_IRQHandler                    0x0800027b   Thumb Code     0  startup_ctboard.o(.text)
    TIM1_BRK_TIM9_IRQHandler                 0x0800027b   Thumb Code     0  startup_ctboard.o(.text)
    TIM1_CC_IRQHandler                       0x0800027b   Thumb Code     0  startup_ctboard.o(.text)
    TIM1_TRG_COM_TIM11_IRQHandler            0x0800027b   Thumb Code     0  startup_ctboard.o(.text)
    TIM1_UP_TIM10_IRQHandler                 0x0800027b   Thumb Code     0  startup_ctboard.o(.text)
    TIM2_IRQHandler                          0x0800027b   Thumb Code     0  startup_ctboard.o(.text)
    TIM3_IRQHandler                          0x0800027b   Thumb Code     0  startup_ctboard.o(.text)
    TIM4_IRQHandler                          0x0800027b   Thumb Code     0  startup_ctboard.o(.text)
    TIM5_IRQHandler                          0x0800027b   Thumb Code     0  startup_ctboard.o(.text)
    TIM6_DAC_IRQHandler                      0x0800027b   Thumb Code     0  startup_ctboard.o(.text)
    TIM7_IRQHandler                          0x0800027b   Thumb Code     0  startup_ctboard.o(.text)
    TIM8_BRK_TIM12_IRQHandler                0x0800027b   Thumb Code     0  startup_ctboard.o(.text)
    TIM8_CC_IRQHandler                       0x0800027b   Thumb Code     0  startup_ctboard.o(.text)
    TIM8_TRG_COM_TIM14_IRQHandler            0x0800027b   Thumb Code     0  startup_ctboard.o(.text)
    TIM8_UP_TIM13_IRQHandler                 0x0800027b   Thumb Code     0  startup_ctboard.o(.text)
    UART4_IRQHandler                         0x0800027b   Thumb Code     0  startup_ctboard.o(.text)
    UART5_IRQHandler                         0x0800027b   Thumb Code     0  startup_ctboard.o(.text)
    UART7_IRQHandler                         0x0800027b   Thumb Code     0  startup_ctboard.o(.text)
    UART8_IRQHandler                         0x0800027b   Thumb Code     0  startup_ctboard.o(.text)
    USART1_IRQHandler                        0x0800027b   Thumb Code     0  startup_ctboard.o(.text)
    USART2_IRQHandler                        0x0800027b   Thumb Code     0  startup_ctboard.o(.text)
    USART3_IRQHandler                        0x0800027b   Thumb Code     0  startup_ctboard.o(.text)
    USART6_IRQHandler                        0x0800027b   Thumb Code     0  startup_ctboard.o(.text)
    WWDG_IRQHandler                          0x0800027b   Thumb Code     0  startup_ctboard.o(.text)
    __aeabi_uidiv                            0x08000285   Thumb Code     0  aeabi_sdiv.o(.text)
    __aeabi_uidivmod                         0x08000285   Thumb Code    20  aeabi_sdiv.o(.text)
    __aeabi_idiv                             0x08000299   Thumb Code     0  aeabi_sdiv.o(.text)
    __aeabi_idivmod                          0x08000299   Thumb Code   326  aeabi_sdiv.o(.text)
    EXTI0_IRQHandler                         0x080003e1   Thumb Code    20  user_button.o(i.EXTI0_IRQHandler)
    __system                                 0x080003fd   Thumb Code     8  system_ctboard.o(i.__system)
    button_init                              0x08000405   Thumb Code    34  user_button.o(i.button_init)
    did_button_get_pressed                   0x08000489   Thumb Code    12  user_button.o(i.did_button_get_pressed)
    hal_fmc_init_sram                        0x08000635   Thumb Code   412  hal_fmc.o(i.hal_fmc_init_sram)
    hal_gpio_bit_reset                       0x080007d1   Thumb Code    24  hal_gpio.o(i.hal_gpio_bit_reset)
    hal_gpio_bit_set                         0x080007e9   Thumb Code    24  hal_gpio.o(i.hal_gpio_bit_set)
    hal_gpio_init_alternate                  0x08000801   Thumb Code   130  hal_gpio.o(i.hal_gpio_init_alternate)
    hal_gpio_init_input                      0x08000883   Thumb Code    90  hal_gpio.o(i.hal_gpio_init_input)
    hal_gpio_init_output                     0x080008dd   Thumb Code   152  hal_gpio.o(i.hal_gpio_init_output)
    hal_gpio_irq_set                         0x08000975   Thumb Code   256  hal_gpio.o(i.hal_gpio_irq_set)
    hal_pwr_set_overdrive                    0x08000a81   Thumb Code     6  hal_pwr.o(i.hal_pwr_set_overdrive)
    hal_rcc_reset                            0x08000a89   Thumb Code   176  hal_rcc.o(i.hal_rcc_reset)
    hal_rcc_set_osc                          0x08000b55   Thumb Code   148  hal_rcc.o(i.hal_rcc_set_osc)
    hal_rcc_setup_clock                      0x08000bed   Thumb Code   132  hal_rcc.o(i.hal_rcc_setup_clock)
    hal_rcc_setup_pll                        0x08000c79   Thumb Code   314  hal_rcc.o(i.hal_rcc_setup_pll)
    main                                     0x08001029   Thumb Code   150  main.o(i.main)
    output_init                              0x080010c1   Thumb Code    54  output.o(i.output_init)
    output_set_green                         0x080010fd   Thumb Code    30  output.o(i.output_set_green)
    output_set_red                           0x08001121   Thumb Code    30  output.o(i.output_set_red)
    power_enter_sleep                        0x08001145   Thumb Code    16  power_mode.o(i.power_enter_sleep)
    power_enter_stop                         0x08001159   Thumb Code    40  power_mode.o(i.power_enter_stop)
    power_init                               0x08001189   Thumb Code    26  power_mode.o(i.power_init)
    power_set_clock                          0x080011a9   Thumb Code   136  power_mode.o(i.power_set_clock)
    system_enter_run                         0x0800124d   Thumb Code    20  system_ctboard.o(i.system_enter_run)
    Image$$ER_IROM1$$Limit                   0x08001260   Number         0  anon$$obj.o ABSOLUTE
    Image$$RW_IRAM1$$Base                    0x20000000   Number         0  anon$$obj.o ABSOLUTE
    Image$$RW_IRAM1$$ZI$$Base                0x20000008   Number         0  anon$$obj.o ABSOLUTE
    Stack_Mem                                0x20000008   Data        8192  startup_ctboard.o(STACK)
    Image$$RW_IRAM1$$ZI$$Limit               0x20002008   Number         0  anon$$obj.o ABSOLUTE



==============================================================================

Memory Map of the image

  Image Entry point : 0x08000261

  Load Region LR_IROM1 (Base: 0x08000000, Size: 0x00001268, Max: 0x00200000, ABSOLUTE)

    Execution Region ER_IROM1 (Exec base: 0x08000000, Load base: 0x08000000, Size: 0x00001260, Max: 0x00200000, ABSOLUTE)

    Exec Addr    Load Addr    Size         Type   Attr      Idx    E Section Name        Object

    0x08000000   0x08000000   0x000001ac   Data   RO          187    RESET               startup_ctboard.o
    0x080001ac   0x080001ac   0x00000038   Code   RO          471    .emb_text           c_p.l(rt_memcpy.o)
    0x080001e4   0x080001e4   0x0000007c   Code   RO          180    .text               datainit_ctboard.o
    0x08000260   0x08000260   0x00000024   Code   RO          188  * .text               startup_ctboard.o
    0x08000284   0x08000284   0x0000015a   Code   RO          475    .text               c_p.l(aeabi_sdiv.o)
    0x080003de   0x080003de   0x00000002   PAD
    0x080003e0   0x080003e0   0x0000001c   Code   RO           96    i.EXTI0_IRQHandler  user_button.o
    0x080003fc   0x080003fc   0x00000008   Code   RO          192    i.__system          system_ctboard.o
    0x08000404   0x08000404   0x00000028   Code   RO           97    i.button_init       user_button.o
    0x0800042c   0x0800042c   0x0000005c   Code   RO          278    i.create_pattern_mask  hal_gpio.o
    0x08000488   0x08000488   0x00000010   Code   RO           98    i.did_button_get_pressed  user_button.o
    0x08000498   0x08000498   0x00000060   Code   RO            1    i.enable_peripherals  main.o
    0x080004f8   0x080004f8   0x000000a6   Code   RO           55    i.fill_init_structs  power_mode.o
    0x0800059e   0x0800059e   0x00000002   PAD
    0x080005a0   0x080005a0   0x00000094   Code   RO          279    i.get_syscfg_mask   hal_gpio.o
    0x08000634   0x08000634   0x0000019c   Code   RO          260    i.hal_fmc_init_sram  hal_fmc.o
    0x080007d0   0x080007d0   0x00000018   Code   RO          280    i.hal_gpio_bit_reset  hal_gpio.o
    0x080007e8   0x080007e8   0x00000018   Code   RO          281    i.hal_gpio_bit_set  hal_gpio.o
    0x08000800   0x08000800   0x00000082   Code   RO          283    i.hal_gpio_init_alternate  hal_gpio.o
    0x08000882   0x08000882   0x0000005a   Code   RO          285    i.hal_gpio_init_input  hal_gpio.o
    0x080008dc   0x080008dc   0x00000098   Code   RO          286    i.hal_gpio_init_output  hal_gpio.o
    0x08000974   0x08000974   0x0000010c   Code   RO          289    i.hal_gpio_irq_set  hal_gpio.o
    0x08000a80   0x08000a80   0x00000006   Code   RO          387    i.hal_pwr_set_overdrive  hal_pwr.o
    0x08000a86   0x08000a86   0x00000002   PAD
    0x08000a88   0x08000a88   0x000000cc   Code   RO          431    i.hal_rcc_reset     hal_rcc.o
    0x08000b54   0x08000b54   0x00000098   Code   RO          432    i.hal_rcc_set_osc   hal_rcc.o
    0x08000bec   0x08000bec   0x0000008c   Code   RO          434    i.hal_rcc_setup_clock  hal_rcc.o
    0x08000c78   0x08000c78   0x00000148   Code   RO          435    i.hal_rcc_setup_pll  hal_rcc.o
    0x08000dc0   0x08000dc0   0x00000128   Code   RO          193    i.init_FMC_SRAM     system_ctboard.o
    0x08000ee8   0x08000ee8   0x00000002   Code   RO          194    i.init_FPU          system_ctboard.o
    0x08000eea   0x08000eea   0x00000002   PAD
    0x08000eec   0x08000eec   0x00000010   Code   RO          195    i.init_LCD          system_ctboard.o
    0x08000efc   0x08000efc   0x000000b8   Code   RO          196    i.init_SystemClock  system_ctboard.o
    0x08000fb4   0x08000fb4   0x00000054   Code   RO            2    i.init_gpio         main.o
    0x08001008   0x08001008   0x00000020   Code   RO          294    i.intercept_overwrite_register  hal_gpio.o
    0x08001028   0x08001028   0x00000096   Code   RO            3    i.main              main.o
    0x080010be   0x080010be   0x00000002   PAD
    0x080010c0   0x080010c0   0x0000003c   Code   RO          156    i.output_init       output.o
    0x080010fc   0x080010fc   0x00000024   Code   RO          157    i.output_set_green  output.o
    0x08001120   0x08001120   0x00000024   Code   RO          158    i.output_set_red    output.o
    0x08001144   0x08001144   0x00000014   Code   RO           56    i.power_enter_sleep  power_mode.o
    0x08001158   0x08001158   0x00000030   Code   RO           57    i.power_enter_stop  power_mode.o
    0x08001188   0x08001188   0x00000020   Code   RO           58    i.power_init        power_mode.o
    0x080011a8   0x080011a8   0x000000a4   Code   RO           59    i.power_set_clock   power_mode.o
    0x0800124c   0x0800124c   0x00000014   Code   RO          197    i.system_enter_run  system_ctboard.o


    Execution Region RW_IRAM1 (Exec base: 0x20000000, Load base: 0x08001260, Size: 0x00002008, Max: 0x00030000, ABSOLUTE)

    Exec Addr    Load Addr    Size         Type   Attr      Idx    E Section Name        Object

    0x20000000   0x08001260   0x00000008   Data   RW           99    .data               user_button.o
    0x20000008        -       0x00002000   Zero   RW          185    STACK               startup_ctboard.o


==============================================================================

Image component sizes


      Code (inc. data)   RO Data    RW Data    ZI Data      Debug   Object Name

       124         50          0          0          0        460   datainit_ctboard.o
       412          0          0          0          0        916   hal_fmc.o
       960         64          0          0          0       6426   hal_gpio.o
         6          0          0          0          0        532   hal_pwr.o
       824         54          0          0          0       2560   hal_rcc.o
       330         26          0          0          0      42391   main.o
       132         18          0          0          0       1438   output.o
       430         46          0          0          0       3934   power_mode.o
        36          8        428          0       8192        828   startup_ctboard.o
       526         50          0          0          0       4170   system_ctboard.o
        84         18          0          8          0       2086   user_button.o

    ----------------------------------------------------------------------
      3872        334        428          8       8192      65741   Object Totals
         0          0          0          0          0          0   (incl. Generated)
         8          0          0          0          0          0   (incl. Padding)

    ----------------------------------------------------------------------

      Code (inc. data)   RO Data    RW Data    ZI Data      Debug   Library Member Name

       346          0          0          0          0         92   aeabi_sdiv.o
        56          0          0          0          0         68   rt_memcpy.o

    ----------------------------------------------------------------------
       404          0          0          0          0        160   Library Totals
         2          0          0          0          0          0   (incl. Padding)

    ----------------------------------------------------------------------

      Code (inc. data)   RO Data    RW Data    ZI Data      Debug   Library Name

       402          0          0          0          0        160   c_p.l

    ----------------------------------------------------------------------
       404          0          0          0          0        160   Library Totals

    ----------------------------------------------------------------------

==============================================================================


      Code (inc. data)   RO Data    RW Data    ZI Data      Debug   

      4276        334        428          8       8192      64337   Grand Totals
      4276        334        428          8       8192      64337   ELF Image Totals
      4276        334        428          8          0          0   ROM Totals

==============================================================================

    Total RO  Size (Code + RO Data)                 4704 (   4.59kB)
    Total RW  Size (RW Data + ZI Data)              8200 (   8.01kB)
    Total ROM Size (Code + RO Data + RW Data)       4712 (   4.60kB)

==============================================================================

