<html>
<body>
<pre>
<h1>µVision Build Log</h1>
<h2>Tool Versions:</h2>
IDE-Version: µVision V5.24.2.0
Copyright (C) 2017 ARM Ltd and ARM Germany GmbH. All rights reserved.
License Information: Bastian Fischer, zhaw, LIC=----
 
Tool Versions:
Toolchain:       MDK-Lite  Version: 5.24.1
Toolchain Path:  C:\Keil_v5\ARM\ARMCC\Bin
C Compiler:      Armcc.exe V5.06 update 5 (build 528)
Assembler:       Armasm.exe V5.06 update 5 (build 528)
Linker/Locator:  ArmLink.exe V5.06 update 5 (build 528)
Library Manager: ArmAr.exe V5.06 update 5 (build 528)
Hex Converter:   FromElf.exe V5.06 update 5 (build 528)
CPU DLL:         SARMCM3.DLL V5.24.1
Dialog DLL:      DARMCM1.DLL V1.18.0.0
Target DLL:      STLink\ST-LINKIII-KEIL_SWO.dll V3.0.1.0
Dialog DLL:      TARMCM1.DLL V1.13.0.0
 
<h2>Project:</h2>
C:\Users\baz\mc1_lab\P05_power_modes\student_project\code_power\Lab.uvprojx
Project File Date:  10/04/2018

<h2>Output:</h2>
*** Using Compiler 'V5.06 update 5 (build 528)', folder: 'C:\Keil_v5\ARM\ARMCC\Bin'
Rebuild target 'Target 1'
compiling work.c...
assembling datainit_ctboard.s...
compiling main.c...
compiling output.c...
compiling user_button.c...
App\user_button.c(63): warning:  #188-D: enumerated type mixed with another type
      hal_bool_t return_val = butt_pressed;
App\user_button.c: 1 warning, 0 errors
compiling wakeup_timer.c...
compiling power_mode.c...
assembling startup_ctboard.s...
compiling hal_fmc.c...
compiling hal_pwr.c...
compiling system_ctboard.c...
compiling hal_rcc.c...
compiling hal_gpio.c...
linking...
Program Size: Code=4276 RO-data=428 RW-data=8 ZI-data=8192  
".\Objects\Lab.axf" - 0 Error(s), 1 Warning(s).

<h2>Software Packages used:</h2>

Package Vendor: InES
                https://ennis.zhaw.ch/pack/InES.CTBoard14_DFP.4.0.0.pack
                InES.CTBoard14_DFP.4.0.0
                CT Board 14 (STM32F429ZI) Device Support
   * Component: RCC Version: 3.0.1
   * Component: PWR Version: 2.2.0
   * Component: GPIO Version: 3.0.3
   * Component: FMC Version: 3.0.1
   * Component: Startup Version: 3.0.5

<h2>Collection of Component include folders:</h2>
  .\RTE\_Target_1
  C:\Keil_v5\ARM\PACK\InES\CTBoard14_DFP\4.0.0\Device\Include
  C:\Keil_v5\ARM\PACK\InES\CTBoard14_DFP\4.0.0\Device\Include\m0
  C:\Keil_v5\ARM\PACK\InES\CTBoard14_DFP\4.0.0\HAL\Include

<h2>Collection of Component Files used:</h2>

   * Component: InES::HAL:RCC:3.0.1
      Include file:  HAL\Include\hal_common.h
      Include file:  Device\Include\reg_stm32f4xx.h
      Source file:   HAL\Source\hal_rcc.c
      Include file:  HAL\Include\hal_rcc.h

   * Component: InES::HAL:PWR:2.2.0
      Include file:  HAL\Include\hal_pwr.h
      Include file:  Device\Include\reg_stm32f4xx.h
      Include file:  HAL\Include\hal_common.h
      Source file:   HAL\Source\hal_pwr.c

   * Component: InES::HAL:GPIO:3.0.3
      Include file:  Device\Include\reg_stm32f4xx.h
      Include file:  HAL\Include\hal_gpio.h
      Source file:   HAL\Source\hal_gpio.c
      Include file:  HAL\Include\hal_common.h

   * Component: InES::HAL:FMC:3.0.1
      Include file:  Device\Include\reg_stm32f4xx.h
      Include file:  HAL\Include\hal_fmc.h
      Include file:  HAL\Include\hal_common.h
      Source file:   HAL\Source\hal_fmc.c

   * Component: InES::Device:Startup:3.0.5
      Include file:  Device\Include\reg_stm32f4xx.h
      Include file:  Device\Include\reg_ctboard.h
      Include file:  Device\Include\system_ctboard.h
      Source file:   Device\Source\startup_ctboard.s
      Include file:  Device\Include\m0\platform_ctboard.h
      Source file:   Device\Source\datainit_ctboard.s
      Source file:   Device\Source\system_ctboard.c
Build Time Elapsed:  00:00:01
</pre>
</body>
</html>
